[    0.000000] Initializing cgroup subsys cpuset
[    0.000000] Initializing cgroup subsys cpu
[    0.000000] Initializing cgroup subsys cpuacct
[    0.000000] Linux version 4.4.0-210-generic (buildd@lgw01-amd64-009) (gcc version 5.4.0 20160609 (Ubuntu 5.4.0-6ubuntu1~16.04.12) ) #242-Ubuntu SMP Fri Apr 16 09:57:56 UTC 2021 (Ubuntu 4.4.0-210.242-generic 4.4.262)
[    0.000000] Command line: BOOT_IMAGE=/boot/vmlinuz-4.4.0-210-generic root=LABEL=cloudimg-rootfs ro console=tty1 console=ttyS0
[    0.000000] KERNEL supported cpus:
[    0.000000]   Intel GenuineIntel
[    0.000000]   AMD AuthenticAMD
[    0.000000]   Centaur CentaurHauls
[    0.000000] x86/fpu: xstate_offset[2]:  576, xstate_sizes[2]:  256
[    0.000000] x86/fpu: Supporting XSAVE feature 0x01: 'x87 floating point registers'
[    0.000000] x86/fpu: Supporting XSAVE feature 0x02: 'SSE registers'
[    0.000000] x86/fpu: Supporting XSAVE feature 0x04: 'AVX registers'
[    0.000000] x86/fpu: Enabled xstate features 0x7, context size is 832 bytes, using 'standard' format.
[    0.000000] e820: BIOS-provided physical RAM map:
[    0.000000] BIOS-e820: [mem 0x0000000000000000-0x000000000009fbff] usable
[    0.000000] BIOS-e820: [mem 0x000000000009fc00-0x000000000009ffff] reserved
[    0.000000] BIOS-e820: [mem 0x00000000000f0000-0x00000000000fffff] reserved
[    0.000000] BIOS-e820: [mem 0x0000000000100000-0x000000003ffeffff] usable
[    0.000000] BIOS-e820: [mem 0x000000003fff0000-0x000000003fffffff] ACPI data
[    0.000000] BIOS-e820: [mem 0x00000000fec00000-0x00000000fec00fff] reserved
[    0.000000] BIOS-e820: [mem 0x00000000fee00000-0x00000000fee00fff] reserved
[    0.000000] BIOS-e820: [mem 0x00000000fffc0000-0x00000000ffffffff] reserved
[    0.000000] NX (Execute Disable) protection: active
[    0.000000] SMBIOS 2.5 present.
[    0.000000] Hypervisor detected: KVM
[    0.000000] e820: last_pfn = 0x3fff0 max_arch_pfn = 0x400000000
[    0.000000] MTRR: Disabled
[    0.000000] x86/PAT: MTRRs disabled, skipping PAT initialization too.
[    0.000000] CPU MTRRs all blank - virtualized system.
[    0.000000] x86/PAT: Configuration [0-7]: WB  WT  UC- UC  WB  WT  UC- UC  
[    0.000000] found SMP MP-table at [mem 0x0009fff0-0x0009ffff] mapped at [ffff88000009fff0]
[    0.000000] Scanning 1 areas for low memory corruption
[    0.000000] RAMDISK: [mem 0x362de000-0x37166fff]
[    0.000000] ACPI: Early table checksum verification disabled
[    0.000000] ACPI: RSDP 0x00000000000E0000 000024 (v02 VBOX  )
[    0.000000] ACPI: XSDT 0x000000003FFF0030 00003C (v01 VBOX   VBOXXSDT 00000001 ASL  00000061)
[    0.000000] ACPI: FACP 0x000000003FFF00F0 0000F4 (v04 VBOX   VBOXFACP 00000001 ASL  00000061)
[    0.000000] ACPI: DSDT 0x000000003FFF0470 002325 (v02 VBOX   VBOXBIOS 00000002 INTL 20100528)
[    0.000000] ACPI: FACS 0x000000003FFF0200 000040
[    0.000000] ACPI: FACS 0x000000003FFF0200 000040
[    0.000000] ACPI: APIC 0x000000003FFF0240 00005C (v02 VBOX   VBOXAPIC 00000001 ASL  00000061)
[    0.000000] ACPI: SSDT 0x000000003FFF02A0 0001CC (v01 VBOX   VBOXCPUT 00000002 INTL 20100528)
[    0.000000] No NUMA configuration found
[    0.000000] Faking a node at [mem 0x0000000000000000-0x000000003ffeffff]
[    0.000000] NODE_DATA(0) allocated [mem 0x3ffeb000-0x3ffeffff]
[    0.000000] kvm-clock: Using msrs 4b564d01 and 4b564d00
[    0.000000] kvm-clock: cpu 0, msr 0:3ffe3001, primary cpu clock
[    0.000000] kvm-clock: using sched offset of 4987928825 cycles
[    0.000000] clocksource: kvm-clock: mask: 0xffffffffffffffff max_cycles: 0x1cd42e4dffb, max_idle_ns: 881590591483 ns
[    0.000000] Zone ranges:
[    0.000000]   DMA      [mem 0x0000000000001000-0x0000000000ffffff]
[    0.000000]   DMA32    [mem 0x0000000001000000-0x000000003ffeffff]
[    0.000000]   Normal   empty
[    0.000000]   Device   empty
[    0.000000] Movable zone start for each node
[    0.000000] Early memory node ranges
[    0.000000]   node   0: [mem 0x0000000000001000-0x000000000009efff]
[    0.000000]   node   0: [mem 0x0000000000100000-0x000000003ffeffff]
[    0.000000] Initmem setup node 0 [mem 0x0000000000001000-0x000000003ffeffff]
[    0.000000] ACPI: PM-Timer IO Port: 0x4008
[    0.000000] IOAPIC[0]: apic_id 2, version 32, address 0xfec00000, GSI 0-23
[    0.000000] ACPI: INT_SRC_OVR (bus 0 bus_irq 0 global_irq 2 dfl dfl)
[    0.000000] ACPI: INT_SRC_OVR (bus 0 bus_irq 9 global_irq 9 low level)
[    0.000000] Using ACPI (MADT) for SMP configuration information
[    0.000000] smpboot: Allowing 2 CPUs, 0 hotplug CPUs
[    0.000000] PM: Registered nosave memory: [mem 0x00000000-0x00000fff]
[    0.000000] PM: Registered nosave memory: [mem 0x0009f000-0x0009ffff]
[    0.000000] PM: Registered nosave memory: [mem 0x000a0000-0x000effff]
[    0.000000] PM: Registered nosave memory: [mem 0x000f0000-0x000fffff]
[    0.000000] e820: [mem 0x40000000-0xfebfffff] available for PCI devices
[    0.000000] Booting paravirtualized kernel on KVM
[    0.000000] clocksource: refined-jiffies: mask: 0xffffffff max_cycles: 0xffffffff, max_idle_ns: 7645519600211568 ns
[    0.000000] setup_percpu: NR_CPUS:512 nr_cpumask_bits:512 nr_cpu_ids:2 nr_node_ids:1
[    0.000000] PERCPU: Embedded 33 pages/cpu @ffff88003fc00000 s95192 r8192 d31784 u1048576
[    0.000000] Built 1 zonelists in Node order, mobility grouping on.  Total pages: 257912
[    0.000000] Policy zone: DMA32
[    0.000000] Kernel command line: BOOT_IMAGE=/boot/vmlinuz-4.4.0-210-generic root=LABEL=cloudimg-rootfs ro console=tty1 console=ttyS0
[    0.000000] PID hash table entries: 4096 (order: 3, 32768 bytes)
[    0.000000] Memory: 997796K/1048120K available (8644K kernel code, 1332K rwdata, 4044K rodata, 1492K init, 1164K bss, 50324K reserved, 0K cma-reserved)
[    0.000000] SLUB: HWalign=64, Order=0-3, MinObjects=0, CPUs=2, Nodes=1
[    0.000000] Kernel/User page tables isolation: enabled
[    0.000000] Hierarchical RCU implementation.
[    0.000000] 	Build-time adjustment of leaf fanout to 64.
[    0.000000] 	RCU restricting CPUs from NR_CPUS=512 to nr_cpu_ids=2.
[    0.000000] RCU: Adjusting geometry for rcu_fanout_leaf=64, nr_cpu_ids=2
[    0.000000] NR_IRQS:33024 nr_irqs:440 16
[    0.000000] Console: colour VGA+ 80x25
[    0.000000] console [tty1] enabled
[    0.000000] console [ttyS0] enabled
[    0.000000] tsc: Detected 1799.998 MHz processor
[    0.465230] Calibrating delay loop (skipped) preset value.. 3599.99 BogoMIPS (lpj=7199992)
[    0.469960] pid_max: default: 32768 minimum: 301
[    0.473198] ACPI: Core revision 20150930
[    0.480026] ACPI: 2 ACPI AML tables successfully acquired and loaded
[    0.484634] Security Framework initialized
[    0.487429] Yama: becoming mindful.
[    0.490004] AppArmor: AppArmor initialized
[    0.493206] Dentry cache hash table entries: 131072 (order: 8, 1048576 bytes)
[    0.504909] Inode-cache hash table entries: 65536 (order: 7, 524288 bytes)
[    0.509727] Mount-cache hash table entries: 2048 (order: 2, 16384 bytes)
[    0.514090] Mountpoint-cache hash table entries: 2048 (order: 2, 16384 bytes)
[    0.518785] Initializing cgroup subsys io
[    0.521774] Initializing cgroup subsys memory
[    0.524758] Initializing cgroup subsys devices
[    0.527741] Initializing cgroup subsys freezer
[    0.530830] Initializing cgroup subsys net_cls
[    0.533862] Initializing cgroup subsys perf_event
[    0.537082] Initializing cgroup subsys net_prio
[    0.540228] Initializing cgroup subsys hugetlb
[    0.543224] Initializing cgroup subsys pids
[    0.574835] mce: CPU supports 0 MCE banks
[    0.577956] Last level iTLB entries: 4KB 64, 2MB 8, 4MB 8
[    0.581483] Last level dTLB entries: 4KB 64, 2MB 0, 4MB 0, 1GB 4
[    0.585494] Spectre V1 : Mitigation: usercopy/swapgs barriers and __user pointer sanitization
[    0.590999] Spectre V2 : Mitigation: Full generic retpoline
[    0.594606] Spectre V2 : Spectre v2 / SpectreRSB mitigation: Filling RSB on context switch
[    0.600432] Speculative Store Bypass: Vulnerable
[    0.603487] SRBDS: Unknown: Dependent on hypervisor status
[    0.607475] MDS: Mitigation: Clear CPU buffers
[    0.618234] Freeing SMP alternatives memory: 36K
[    0.639378] ftrace: allocating 32380 entries in 127 pages
[    0.810905] smpboot: APIC(0) Converting physical 0 to logical package 0
[    0.815073] smpboot: Max logical packages: 1
[    0.818953] x2apic enabled
[    0.821996] Switched APIC routing to physical x2apic.
[    0.828811] ..TIMER: vector=0x30 apic1=0 pin1=2 apic2=-1 pin2=-1
[    0.940086] smpboot: CPU0: Intel(R) Core(TM) i5-8250U CPU @ 1.60GHz (family: 0x6, model: 0x8e, stepping: 0xa)
[    0.947384] Performance Events: unsupported p6 CPU model 142 no PMU driver, software events only.
[    0.982514] KVM setup paravirtual spinlock
[    0.987382] x86: Booting SMP configuration:
[    0.990438] .... node  #0, CPUs:      #1
[    0.993419] kvm-clock: cpu 1, msr 0:3ffe3041, secondary cpu clock
[    1.029345] mce: CPU supports 0 MCE banks
[    1.033756] x86: Booted up 1 node, 2 CPUs
[    1.037322] smpboot: Total of 2 processors activated (7199.99 BogoMIPS)
[    1.042691] devtmpfs: initialized
[    1.049631] evm: security.selinux
[    1.052533] evm: security.SMACK64
[    1.054987] evm: security.SMACK64EXEC
[    1.057868] evm: security.SMACK64TRANSMUTE
[    1.060869] evm: security.SMACK64MMAP
[    1.063811] evm: security.ima
[    1.066072] evm: security.capability
[    1.069306] clocksource: jiffies: mask: 0xffffffff max_cycles: 0xffffffff, max_idle_ns: 7645041785100000 ns
[    1.076109] futex hash table entries: 512 (order: 3, 32768 bytes)
[    1.080507] pinctrl core: initialized pinctrl subsystem
[    1.084019] RTC time:  7:10:58, date: 06/16/21
[    1.086600] NET: Registered protocol family 16
[    1.101591] cpuidle: using governor ladder
[    1.113200] cpuidle: using governor menu
[    1.115308] PCCT header not found.
[    1.117404] ACPI: bus type PCI registered
[    1.119366] acpiphp: ACPI Hot Plug PCI Controller Driver version: 0.5
[    1.122648] PCI: Using configuration type 1 for base access
[    1.138283] ACPI: Added _OSI(Module Device)
[    1.141527] ACPI: Added _OSI(Processor Device)
[    1.144852] ACPI: Added _OSI(3.0 _SCP Extensions)
[    1.149635] ACPI: Added _OSI(Processor Aggregator Device)
[    1.157269] ACPI: Executed 1 blocks of module-level executable AML code
[    1.173571] ACPI: Interpreter enabled
[    1.177675] ACPI: (supports S0 S5)
[    1.181448] ACPI: Using IOAPIC for interrupt routing
[    1.186917] PCI: Using host bridge windows from ACPI; if necessary, use "pci=nocrs" and report a bug
[    1.210938] ACPI: PCI Root Bridge [PCI0] (domain 0000 [bus 00-ff])
[    1.215407] acpi PNP0A03:00: _OSC: OS supports [ASPM ClockPM Segments MSI]
[    1.221666] acpi PNP0A03:00: _OSC: not requesting OS control; OS requires [ExtendedConfig ASPM ClockPM MSI]
[    1.228255] acpi PNP0A03:00: fail to add MMCONFIG information, can't access extended PCI configuration space under this bridge.
[    1.239485] PCI host bridge to bus 0000:00
[    1.242844] pci_bus 0000:00: root bus resource [io  0x0000-0x0cf7 window]
[    1.247333] pci_bus 0000:00: root bus resource [io  0x0d00-0xffff window]
[    1.251570] pci_bus 0000:00: root bus resource [mem 0x000a0000-0x000bffff window]
[    1.258393] pci_bus 0000:00: root bus resource [mem 0x40000000-0xfdffffff window]
[    1.264261] pci_bus 0000:00: root bus resource [bus 00-ff]
[    1.274835] pci 0000:00:01.1: legacy IDE quirk: reg 0x10: [io  0x01f0-0x01f7]
[    1.279966] pci 0000:00:01.1: legacy IDE quirk: reg 0x14: [io  0x03f6]
[    1.284792] pci 0000:00:01.1: legacy IDE quirk: reg 0x18: [io  0x0170-0x0177]
[    1.321347] pci 0000:00:01.1: legacy IDE quirk: reg 0x1c: [io  0x0376]
[    1.360770] pci 0000:00:07.0: quirk: [io  0x4000-0x403f] claimed by PIIX4 ACPI
[    1.366338] pci 0000:00:07.0: quirk: [io  0x4100-0x410f] claimed by PIIX4 SMB
[    1.389424] ACPI: PCI Interrupt Link [LNKA] (IRQs 5 9 10 *11)
[    1.393992] ACPI: PCI Interrupt Link [LNKB] (IRQs 5 9 *10 11)
[    1.398303] ACPI: PCI Interrupt Link [LNKC] (IRQs 5 *9 10 11)
[    1.402825] ACPI: PCI Interrupt Link [LNKD] (IRQs 5 9 10 *11)
[    1.407683] ACPI: Enabled 2 GPEs in block 00 to 07
[    1.411340] vgaarb: setting as boot device: PCI:0000:00:02.0
[    1.414627] vgaarb: device added: PCI:0000:00:02.0,decodes=io+mem,owns=io+mem,locks=none
[    1.420367] vgaarb: loaded
[    1.422531] vgaarb: bridge control possible 0000:00:02.0
[    1.426547] SCSI subsystem initialized
[    1.429685] ACPI: bus type USB registered
[    1.432665] usbcore: registered new interface driver usbfs
[    1.436289] usbcore: registered new interface driver hub
[    1.440066] usbcore: registered new device driver usb
[    1.451723] PCI: Using ACPI for IRQ routing
[    1.456159] NetLabel: Initializing
[    1.458620] NetLabel:  domain hash size = 128
[    1.461865] NetLabel:  protocols = UNLABELED CIPSOv4
[    1.465339] NetLabel:  unlabeled traffic allowed by default
[    1.469358] amd_nb: Cannot enumerate AMD northbridges
[    1.473119] clocksource: Switched to clocksource kvm-clock
[    1.503900] AppArmor: AppArmor Filesystem Enabled
[    1.507320] pnp: PnP ACPI init
[    1.511368] pnp: PnP ACPI: found 3 devices
[    1.534101] clocksource: acpi_pm: mask: 0xffffff max_cycles: 0xffffff, max_idle_ns: 2085701024 ns
[    1.540624] NET: Registered protocol family 2
[    1.544110] TCP established hash table entries: 8192 (order: 4, 65536 bytes)
[    1.548640] TCP bind hash table entries: 8192 (order: 5, 131072 bytes)
[    1.552848] TCP: Hash tables configured (established 8192 bind 8192)
[    1.556969] UDP hash table entries: 512 (order: 2, 16384 bytes)
[    1.560692] UDP-Lite hash table entries: 512 (order: 2, 16384 bytes)
[    1.564783] NET: Registered protocol family 1
[    1.567787] pci 0000:00:00.0: Limiting direct PCI/PCI transfers
[    1.571569] pci 0000:00:01.0: Activating ISA DMA hang workarounds
[    1.575812] Unpacking initramfs...
[    2.240317] Freeing initrd memory: 14884K
[    2.244369] clocksource: tsc: mask: 0xffffffffffffffff max_cycles: 0x19f227af07c, max_idle_ns: 440795246167 ns
[    2.253705] platform rtc_cmos: registered platform RTC device (no PNP device found)
[    2.260740] Scanning for low memory corruption every 60 seconds
[    2.266822] audit: initializing netlink subsys (disabled)
[    2.271443] audit: type=2000 audit(1623827465.452:1): initialized
[    2.277047] Initialise system trusted keyring
[    2.280552] HugeTLB registered 2 MB page size, pre-allocated 0 pages
[    2.287997] zbud: loaded
[    2.290911] VFS: Disk quotas dquot_6.6.0
[    2.293861] VFS: Dquot-cache hash table entries: 512 (order 0, 4096 bytes)
[    2.298919] squashfs: version 4.0 (2009/01/31) Phillip Lougher
[    2.303268] fuse init (API version 7.23)
[    2.306312] Key type big_key registered
[    2.309285] Allocating IMA MOK and blacklist keyrings.
[    2.315943] Key type asymmetric registered
[    2.319414] Asymmetric key parser 'x509' registered
[    2.322872] Block layer SCSI generic (bsg) driver version 0.4 loaded (major 249)
[    2.328479] io scheduler noop registered
[    2.331399] io scheduler deadline registered (default)
[    2.335012] io scheduler cfq registered
[    2.338044] pci_hotplug: PCI Hot Plug PCI Core version: 0.5
[    2.341656] pciehp: PCI Express Hot Plug Controller Driver version: 0.4
[    2.346095] ACPI: AC Adapter [AC] (off-line)
[    2.349123] input: Power Button as /devices/LNXSYSTM:00/LNXPWRBN:00/input/input0
[    2.354651] ACPI: Power Button [PWRF]
[    2.357638] input: Sleep Button as /devices/LNXSYSTM:00/LNXSLPBN:00/input/input1
[    2.363028] ACPI: Sleep Button [SLPF]
[    2.366413] GHES: HEST is not enabled!
[    2.368760] ACPI: Battery Slot [BAT0] (battery present)
[    2.373996] Serial: 8250/16550 driver, 32 ports, IRQ sharing enabled
[    2.400344] 00:02: ttyS0 at I/O 0x3f8 (irq = 4, base_baud = 115200) is a 16550A
[    2.408572] Linux agpgart interface v0.103
[    2.415022] loop: module loaded
[    2.419183] scsi host0: ata_piix
[    2.423368] scsi host1: ata_piix
[    2.426053] ata1: PATA max UDMA/33 cmd 0x1f0 ctl 0x3f6 bmdma 0xd000 irq 14
[    2.430977] ata2: PATA max UDMA/33 cmd 0x170 ctl 0x376 bmdma 0xd008 irq 15
[    2.436596] libphy: Fixed MDIO Bus: probed
[    2.439794] tun: Universal TUN/TAP device driver, 1.6
[    2.443118] tun: (C) 1999-2004 Max Krasnyansky <maxk@qualcomm.com>
[    2.447319] PPP generic driver version 2.4.2
[    2.450984] ehci_hcd: USB 2.0 'Enhanced' Host Controller (EHCI) Driver
[    2.456035] ehci-pci: EHCI PCI platform driver
[    2.459316] ehci-platform: EHCI generic platform driver
[    2.462707] ohci_hcd: USB 1.1 'Open' Host Controller (OHCI) Driver
[    2.467257] ohci-pci: OHCI PCI platform driver
[    2.470328] ohci-platform: OHCI generic platform driver
[    2.474949] uhci_hcd: USB Universal Host Controller Interface driver
[    2.478597] i8042: PNP: PS/2 Controller [PNP0303:PS2K,PNP0f03:PS2M] at 0x60,0x64 irq 1,12
[    2.484774] serio: i8042 KBD port at 0x60,0x64 irq 1
[    2.488761] serio: i8042 AUX port at 0x60,0x64 irq 12
[    2.492143] mousedev: PS/2 mouse device common for all mice
[    2.497066] input: AT Translated Set 2 keyboard as /devices/platform/i8042/serio0/input/input2
[    2.503856] rtc_cmos rtc_cmos: rtc core: registered rtc_cmos as rtc0
[    2.510196] rtc_cmos rtc_cmos: alarms up to one day, 114 bytes nvram
[    2.516858] i2c /dev entries driver
[    2.519555] device-mapper: uevent: version 1.0.3
[    2.522622] device-mapper: ioctl: 4.34.0-ioctl (2015-10-28) initialised: dm-devel@redhat.com
[    2.530722] ledtrig-cpu: registered to indicate activity on CPUs
[    2.537634] NET: Registered protocol family 10
[    2.541316] NET: Registered protocol family 17
[    2.545302] Key type dns_resolver registered
[    2.551431] registered taskstats version 1
[    2.554423] Loading compiled-in X.509 certificates
[    2.560488] Loaded X.509 cert 'Build time autogenerated kernel key: cf00e047681d67edb2720680708b7d9498083038'
[    2.568296] zswap: loaded using pool lzo/zbud
[    2.577711] Key type trusted registered
[    2.621721] Key type encrypted registered
[    2.625333] AppArmor: AppArmor sha1 policy hashing enabled
[    2.630199] ima: No TPM chip found, activating TPM-bypass!
[    2.635227] ima: Allocated hash algorithm: sha1
[    2.639350] evm: HMAC attrs: 0x1
[    2.643599]   Magic number: 9:558:167
[    2.647219] acpi PNP0000:00: hash matches
[    2.652101] rtc_cmos rtc_cmos: setting system clock to 2021-06-16 07:10:59 UTC (1623827459)
[    2.662377] BIOS EDD facility v0.16 2004-Jun-25, 0 devices found
[    2.667458] EDD information not available.
[    2.674958] Freeing unused kernel memory: 1492K
[    2.689632] Write protecting the kernel read-only data: 14336k
[    2.696244] Freeing unused kernel memory: 1584K
[    2.701864] Freeing unused kernel memory: 52K
Loading, please wait...
starting version 229
[    2.754897] random: systemd-udevd: uninitialized urandom read (16 bytes read, 5 bits of entropy available)
[    2.757642] random: udevadm: uninitialized urandom read (16 bytes read, 5 bits of entropy available)
[    2.757742] random: udevadm: uninitialized urandom read (16 bytes read, 5 bits of entropy available)
[    2.790918] random: systemd-udevd: uninitialized urandom read (16 bytes read, 5 bits of entropy available)
[    2.800271] random: udevadm: uninitialized urandom read (16 bytes read, 5 bits of entropy available)
[    2.800464] random: udevadm: uninitialized urandom read (16 bytes read, 5 bits of entropy available)
[    2.801150] random: udevadm: uninitialized urandom read (16 bytes read, 5 bits of entropy available)
[    2.801531] random: udevadm: uninitialized urandom read (16 bytes read, 5 bits of entropy available)
[    2.801898] random: udevadm: uninitialized urandom read (16 bytes read, 5 bits of entropy available)
[    2.802153] random: udevadm: uninitialized urandom read (16 bytes read, 5 bits of entropy available)
[    2.978021] e1000: Intel(R) PRO/1000 Network Driver - version 7.3.21-k8-NAPI
[    2.985848] e1000: Copyright (c) 1999-2006 Intel Corporation.
[    3.018585] Fusion MPT base driver 3.04.20
[    3.021954] Copyright (c) 1999-2008 LSI Corporation
[    3.089717] Fusion MPT SPI Host driver 3.04.20
[    3.101004] AVX2 version of gcm_enc/dec engaged.
[    3.105021] AES CTR mode by8 optimization enabled
[    3.273201] input: ImExPS/2 Generic Explorer Mouse as /devices/platform/i8042/serio1/input/input4
[    4.043638] e1000 0000:00:03.0 eth0: (PCI:33MHz:32-bit) 02:ed:98:3c:8e:82
[    4.050912] e1000 0000:00:03.0 eth0: Intel(R) PRO/1000 Network Connection
[    6.005093] e1000 0000:00:08.0 eth1: (PCI:33MHz:32-bit) 08:00:27:d6:cf:73
[    6.011957] e1000 0000:00:08.0 eth1: Intel(R) PRO/1000 Network Connection
[    6.022699] mptbase: ioc0: Initiating bringup
[    6.025759] e1000 0000:00:08.0 enp0s8: renamed from eth1
[    6.043343] e1000 0000:00:03.0 enp0s3: renamed from eth0
[    6.114356] ioc0: LSI53C1030 A0: Capabilities={Initiator}
[    6.288151] scsi host2: ioc0: LSI53C1030 A0, FwRev=00000000h, Ports=1, MaxQ=256, IRQ=20
[    6.406984] scsi 2:0:0:0: Direct-Access     VBOX     HARDDISK         1.0  PQ: 0 ANSI: 5
[    6.416073] scsi target2:0:0: Beginning Domain Validation
[    6.429515] scsi target2:0:0: Domain Validation skipping write tests
[    6.436030] scsi target2:0:0: Ending Domain Validation
[    6.441995] scsi target2:0:0: asynchronous
[    6.449314] scsi 2:0:1:0: Direct-Access     VBOX     HARDDISK         1.0  PQ: 0 ANSI: 5
[    6.510131] scsi target2:0:1: Beginning Domain Validation
[    6.523163] scsi target2:0:1: Domain Validation skipping write tests
[    6.529491] scsi target2:0:1: Ending Domain Validation
[    6.534934] scsi target2:0:1: asynchronous
[    6.573528] sd 2:0:0:0: [sda] 83886080 512-byte logical blocks: (42.9 GB/40.0 GiB)
[    6.583251] sd 2:0:0:0: Attached scsi generic sg0 type 0
[    6.589579] sd 2:0:0:0: [sda] Write Protect is off
[    6.596409] sd 2:0:1:0: [sdb] 20480 512-byte logical blocks: (10.5 MB/10.0 MiB)
[    6.606249] sd 2:0:1:0: Attached scsi generic sg1 type 0
[    6.606661] sd 2:0:0:0: [sda] Incomplete mode parameter data
[    6.606667] sd 2:0:0:0: [sda] Assuming drive cache: write through
[    6.630064] sd 2:0:1:0: [sdb] Write Protect is off
[    6.636478] sd 2:0:1:0: [sdb] Incomplete mode parameter data
[    6.642444] sd 2:0:1:0: [sdb] Assuming drive cache: write through
[    6.653553]  sda: sda1
[    6.662190] sd 2:0:0:0: [sda] Attached SCSI disk
[    6.665763] sd 2:0:1:0: [sdb] Attached SCSI disk
Begin: Loading essential drivers ... [    8.943929] md: linear personality registered for level -1
[    8.954265] md: multipath personality registered for level -4
[    8.964061] md: raid0 personality registered for level 0
[    8.976944] md: raid1 personality registered for level 1
[    9.057184] raid6: sse2x1   gen()  4567 MB/s
[    9.125421] raid6: sse2x1   xor()  3272 MB/s
[    9.193341] raid6: sse2x2   gen()  5479 MB/s
[    9.261813] raid6: sse2x2   xor()  3528 MB/s
[    9.329383] raid6: sse2x4   gen()  5801 MB/s
[    9.397710] raid6: sse2x4   xor()  2660 MB/s
[    9.469312] raid6: avx2x1   gen()  7433 MB/s
[    9.537616] raid6: avx2x2   gen()  6753 MB/s
[    9.609555] raid6: avx2x4   gen()  8996 MB/s
[    9.612451] raid6: using algorithm avx2x4 gen() 8996 MB/s
[    9.616031] raid6: using avx2x2 recovery algorithm
[    9.622574] xor: automatically using best checksumming function:
[    9.661176]    avx       :  9057.000 MB/sec
[    9.667405] async_tx: api initialized (async)
[    9.697065] md: raid6 personality registered for level 6
[    9.702865] md: raid5 personality registered for level 5
[    9.707481] md: raid4 personality registered for level 4
[    9.732656] md: raid10 personality registered for level 10
done.
Begin: Running /scripts/init-premount ... done.
Begin: Mounting root file system ... Begin: Running /scripts/local-top ... done.
Begin: Running /scripts/local-premount ... [    9.820223] Btrfs loaded
Scanning for Btrfs filesystems
done.
Warning: fsck not present, so skipping root file system
[    9.890240] EXT4-fs (sda1): INFO: recovery required on readonly filesystem
[    9.893616] EXT4-fs (sda1): write access will be enabled during recovery
[   10.164813] EXT4-fs (sda1): orphan cleanup on readonly fs
[   10.178769] EXT4-fs (sda1): 20 orphan inodes deleted
[   10.187746] EXT4-fs (sda1): recovery complete
[   10.194243] EXT4-fs (sda1): mounted filesystem with ordered data mode. Opts: (null)
done.
Begin: Running /scripts/local-bottom ... done.
Begin: Running /scripts/init-bottom ... done.
[   10.435239] systemd[1]: systemd 229 running in system mode. (+PAM +AUDIT +SELINUX +IMA +APPARMOR +SMACK +SYSVINIT +UTMP +LIBCRYPTSETUP +GCRYPT +GNUTLS +ACL +XZ -LZ4 +SECCOMP +BLKID +ELFUTILS +KMOD -IDN)
[   10.448433] systemd[1]: Detected virtualization oracle.
[   10.452475] systemd[1]: Detected architecture x86-64.

Welcome to [1mUbuntu 16.04.7 LTS[0m!

[   10.462448] systemd[1]: Set hostname to <ubuntu-xenial>.
[   10.675768] random: nonblocking pool is initialized
[   10.863415] systemd[1]: Reached target Encrypted Volumes.
[[0;32m  OK  [0m] Reached target Encrypted Volumes.
[   10.869728] systemd[1]: Created slice User and Session Slice.
[[0;32m  OK  [0m] Created slice User and Session Slice.
[   10.875662] systemd[1]: Listening on Journal Socket.
[[0;32m  OK  [0m] Listening on Journal Socket.
[   10.881661] systemd[1]: Started Trigger resolvconf update for networkd DNS.
[[0;32m  OK  [0m] Started Trigger resolvconf update for networkd DNS.
[   10.888463] systemd[1]: Listening on /dev/initctl Compatibility Named Pipe.
[[0;32m  OK  [0m] Listening on /dev/initctl Compatibility Named Pipe.
[   10.895039] systemd[1]: Reached target System Time Synchronized.
[[0;32m  OK  [0m] Reached target System Time Synchronized.
[   10.901818] systemd[1]: Created slice System Slice.
[[0;32m  OK  [0m] Created slice System Slice.
[   10.921348] systemd[1]: Mounting POSIX Message Queue File System...
         Mounting POSIX Message Queue File System...
[   10.929552] systemd[1]: Listening on Journal Audit Socket.
[[0;32m  OK  [0m] Listening on Journal Audit Socket.
[   10.936674] systemd[1]: Listening on LVM2 metadata daemon socket.
[[0;32m  OK  [0m] Listening on LVM2 metadata daemon socket.
[   10.944884] systemd[1]: Listening on Device-mapper event daemon FIFOs.
[[0;32m  OK  [0m] Listening on Device-mapper event daemon FIFOs.
[   10.952543] systemd[1]: Listening on udev Control Socket.
[[0;32m  OK  [0m] Listening on udev Control Socket.
[   10.957909] systemd[1]: Reached target Slices.
[[0;32m  OK  [0m] Reached target Slices.
[   10.986713] systemd[1]: Starting Create list of required static device nodes for the current kernel...
         Starting Create list of required st... nodes for the current kernel...
[   11.002655] systemd[1]: Started Forward Password Requests to Wall Directory Watch.
[[0;32m  OK  [0m] Started Forward Password Requests to Wall Directory Watch.
[   11.013308] systemd[1]: Starting Load Kernel Modules...
         Starting Load Kernel Modules...
[   11.034908] Loading iSCSI transport class v2.0-870.
[   11.045450] systemd[1]: Mounting Huge Pages File System...
         Mounting Huge Pages File System...
[   11.061092] systemd[1]: Reached target User and Group Name Lookups.
[[0;32m  OK  [0m] Reached target User and Group Name Lookups.
[   11.070817] iscsi: registered transport (tcp)
[   11.077857] systemd[1]: Listening on udev Kernel Socket.
[[0;32m  OK  [0m] Listening on udev Kernel Socket.
[   11.102435] systemd[1]: Starting Set console keymap...
         Starting Set console keymap...
[   11.117649] systemd[1]: Listening on Journal Socket (/dev/log).
[[0;32m  OK  [0m] Listening on Journal Socket (/dev/log).
[   11.126096] systemd[1]: Listening on Syslog Socket.
[[0;32m  OK  [0m] Listening on Syslog Socket.
[   11.145718] systemd[1]: Starting Journal Service...
         Starting Journal Service...
[   11.167043] systemd[1]: Starting Uncomplicated firewall...
         Starting Uncomplicated firewall...
[   11.183421] systemd[1]: Created slice system-serial\x2dgetty.slice.
[   11.190627] iscsi: registered transport (iser)
[[0;32m  OK  [0m] Created slice system-serial\x2dgetty.slice.
[   11.209783] systemd[1]: Starting Monitoring of LVM2 mirrors, snapshots etc. using dmeventd or progress polling...
         Starting Monitoring of LVM2 mirrors... dmeventd or progress polling...
[   11.273607] systemd[1]: Mounting Debug File System...
         Mounting Debug File System...
[   11.291553] systemd[1]: Listening on LVM2 poll daemon socket.
[[0;32m  OK  [0m] Listening on LVM2 poll daemon socket.
[   11.300401] systemd[1]: Listening on fsck to fsckd communication Socket.
[[0;32m  OK  [0m] Listening on fsck to fsckd communication Socket.
[   11.334467] systemd[1]: Starting File System Check on Root Device...
         Starting File System Check on Root Device...
[   11.347315] systemd[1]: Starting Nameserver information manager...
         Starting Nameserver information manager...
[   11.354185] systemd[1]: Reached target Swap.
[[0;32m  OK  [0m] Reached target Swap.
[   11.360290] systemd[1]: Set up automount Arbitrary Executable File Formats File System Automount Point.
[[0;32m  OK  [0m] Set up automount Arbitrary Executab...ats File System Automount Point.
[   11.392460] systemd[1]: Mounted POSIX Message Queue File System.
[[0;32m  OK  [0m] Mounted POSIX Message Queue File System.
[   11.402696] systemd[1]: Mounted Debug File System.
[[0;32m  OK  [0m] Mounted Debug File System.
[   11.410543] systemd[1]: Mounted Huge Pages File System.
[[0;32m  OK  [0m] Mounted Huge Pages File System.
[   11.418315] systemd[1]: Started Journal Service.
[[0;32m  OK  [0m] Started Journal Service.
[[0;32m  OK  [0m] Started Create list of required sta...ce nodes for the current kernel.
[[0;32m  OK  [0m] Started Load Kernel Modules.
[[0;32m  OK  [0m] Started Set console keymap.
[[0;32m  OK  [0m] Started Uncomplicated firewall.
[[0;32m  OK  [0m] Started File System Check on Root Device.
[[0;32m  OK  [0m] Started LVM2 metadata daemon.
[[0;32m  OK  [0m] Started File System Check Daemon to report status.
         Starting Remount Root and Kernel File Systems...
[   11.505788] EXT4-fs (sda1): re-mounted. Opts: (null)
         Mounting FUSE Control File System...
         Starting Apply Kernel Variables...
         Starting Create Static Device Nodes in /dev...
[[0;32m  OK  [0m] Mounted FUSE Control File System.
[[0;32m  OK  [0m] Started Nameserver information manager.
[[0;32m  OK  [0m] Started Remount Root and Kernel File Systems.
[[0;32m  OK  [0m] Started Apply Kernel Variables.
         Starting udev Coldplug all Devices...
         Starting Load/Save Random Seed...
         Starting Flush Journal to Persistent Storage...
[[0;32m  OK  [0m] Started Create Static Device Nodes in /dev.
         Starting udev Kernel Device Manager...
[[0;32m  OK  [0m] Started Load/Save Random Seed.
[[0;32m  OK  [0m] Started Flush Journal to Persistent Storage.
[[0;32m  OK  [0m] Started udev Kernel Device Manager.
[[0;32m  OK  [0m] Started udev Coldplug all Devices.
[[0;32m  OK  [0m] Started Dispatch Password Requests to Console Directory Watch.
[[0;32m  OK  [0m] Started Monitoring of LVM2 mirrors,...ng dmeventd or progress polling.
[[0;32m  OK  [0m] Reached target Local File Systems (Pre).
[[0;32m  OK  [0m] Reached target Local File Systems.
         Starting Tell Plymouth To Write Out Runtime Data...
         Starting Set console font and keymap...
         Starting Create Volatile Files and Directories...
         Starting LSB: AppArmor initialization...
         Starting Initial cloud-init job (pre-networking)...
[[0;32m  OK  [0m] Started Tell Plymouth To Write Out Runtime Data.
[[0;32m  OK  [0m] Started Create Volatile Files and Directories.
         Starting Update UTMP about System Boot/Shutdown...
[[0;32m  OK  [0m] Started Update UTMP about System Boot/Shutdown.
[[0;32m  OK  [0m] Started LSB: AppArmor initialization.
         Starting Load AppArmor profiles managed internally by snapd...
[[0;32m  OK  [0m] Started Load AppArmor profiles managed internally by snapd.
[[0;32m  OK  [0m] Found device /dev/ttyS0.
[[0;32m  OK  [0m] Listening on Load/Save RF Kill Switch Status /dev/rfkill Watch.
[[0;32m  OK  [0m] Found device 82540EM Gigabit Ethern...r (PRO/1000 MT Desktop Adapter).
[[0;32m  OK  [0m] Found device 82540EM Gigabit Ethern...r (PRO/1000 MT Desktop Adapter).
[   14.789591] cloud-init[504]: Cloud-init v. 21.1-19-gbad84ad4-0ubuntu1~16.04.2 running 'init-local' at Wed, 16 Jun 2021 07:11:11 +0000. Up 13.92 seconds.
[[0;32m  OK  [0m] Started Initial cloud-init job (pre-networking).
[[0;32m  OK  [0m] Reached target Network (Pre).
         Starting Raise network interfaces...
[[0;32m  OK  [0m] Started ifup for enp0s8.
[[0;32m  OK  [0m] Started ifup for enp0s3.
[[0;32m  OK  [0m] Started Set console font and keymap.
[[0;32m  OK  [0m] Created slice system-getty.slice.
[[0;32m  OK  [0m] Started Raise network interfaces.
[[0;32m  OK  [0m] Reached target Network.
         Starting Initial cloud-init job (metadata service crawler)...
[   17.853589] cloud-init[1082]: Cloud-init v. 21.1-19-gbad84ad4-0ubuntu1~16.04.2 running 'init' at Wed, 16 Jun 2021 07:11:14 +0000. Up 16.97 seconds.
[   17.861026] cloud-init[1082]: ci-info: ++++++++++++++++++++++++++++++++++++++Net device info+++++++++++++++++++++++++++++++++++++++
[   17.866728] cloud-init[1082]: ci-info: +--------+------+-----------------------------+---------------+--------+-------------------+
[   17.874425] cloud-init[1082]: ci-info: | Device |  Up  |           Address           |      Mask     | Scope  |     Hw-Address    |
[   17.881279] cloud-init[1082]: ci-info: +--------+------+-----------------------------+---------------+--------+-------------------+
[   17.893124] cloud-init[1082]: ci-info: | enp0s3 | True |          10.0.2.15          | 255.255.255.0 | global | 02:ed:98:3c:8e:82 |
[   17.898434] cloud-init[1082]: ci-info: | enp0s3 | True |  fe80::ed:98ff:fe3c:8e82/64 |       .       |  link  | 02:ed:98:3c:8e:82 |
[   17.903312] cloud-init[1082]: ci-info: | enp0s8 | True |        192.168.33.10        | 255.255.255.0 | global | 08:00:27:d6:cf:73 |
[   17.907807] cloud-init[1082]: ci-info: | enp0s8 | True | fe80::a00:27ff:fed6:cf73/64 |       .       |  link  | 08:00:27:d6:cf:73 |
[   17.913414] cloud-init[1082]: ci-info: |   lo   | True |          127.0.0.1          |   255.0.0.0   |  host  |         .         |
[   17.918251] cloud-init[1082]: ci-info: |   lo   | True |           ::1/128           |       .       |  host  |         .         |
[   17.923620] cloud-init[1082]: ci-info: +--------+------+-----------------------------+---------------+--------+-------------------+
[   17.929866] cloud-init[1082]: ci-info: ++++++++++++++++++++++++++++Route IPv4 info++++++++++++++++++++++++++++
[   17.937050] cloud-init[1082]: ci-info: +-------+--------------+----------+---------------+-----------+-------+
[   17.943892] cloud-init[1082]: ci-info: | Route | Destination  | Gateway  |    Genmask    | Interface | Flags |
[   17.950464] cloud-init[1082]: ci-info: +-------+--------------+----------+---------------+-----------+-------+
[   17.955591] cloud-init[1082]: ci-info: |   0   |   0.0.0.0    | 10.0.2.2 |    0.0.0.0    |   enp0s3  |   UG  |
[   17.961704] cloud-init[1082]: ci-info: |   1   |   10.0.2.0   | 0.0.0.0  | 255.255.255.0 |   enp0s3  |   U   |
[   17.967133] cloud-init[1082]: ci-info: |   2   | 192.168.33.0 | 0.0.0.0  | 255.255.255.0 |   enp0s8  |   U   |
[   17.977985] cloud-init[1082]: ci-info: +-------+--------------+----------+---------------+-----------+-------+
[   17.983146] cloud-init[1082]: ci-info: +++++++++++++++++++Route IPv6 info+++++++++++++++++++
[   17.993396] [[0;32m  OK  [0m] Started Initial cloud-init job (metadata service crawler).
[[0;32m  OK  [0m] Reached target System Initialization.
[[0;32m  OK  [0m] Listening on D-Bus System Message Bus Socket.
cloud-init[1082]: ci-info: +-------+-------------+---------+-----------+-------+[[0;32m  OK  [0m] Started Message of the Day.
         Starting Socket activation for snappy daemon.

[[0;32m  OK  [0m] Started Daily Cleanup of Temporary Directories.
[[0;32m  OK  [0m] Listening on ACPID Listen Socket.
[   18.006410] [[0;32m  OK  [0m] Started ACPI Events Check.
[[0;32m  OK  [0m] Reached target Paths.
cloud-init[1082]: ci-info: | Route | Destination | Gateway | Interface | Flags |
[[0;32m  OK  [0m] Started Daily apt download activities.
[[0;32m  OK  [0m] Started Daily apt upgrade and clean activities.
[   18.021225]          Starting LXD - unix socket.
[[0;32m  OK  [0m] Listening on UUID daemon activation socket.
[[0;32m  OK  [0m] Reached target Timers.
[[0;32m  OK  [0m] Reached target Network is Online.
cloud-init[1082]: ci-info: +-------+-------------+---------+-----------+-------+
[   18.033130] cloud-init[1082]: ci-info: |   0   |  fe80::/64  |    ::   |   enp0s8  |   U   |
[   18.037238] cloud-init[1082]: ci-info: |   1   |  fe80::/64  |    ::   |   enp0s3  |   U   |         Starting iSCSI initiator daemon (iscsid)...
[[0;32m  OK  [0m] Reached target Cloud-config availability.

[[0;32m  OK  [0m] Listening on Socket activation for snappy daemon.
[[0;32m  OK  [0m] Listening on LXD - unix socket.
[   18.050560] cloud-init[1082]: [[0;32m  OK  [0m] Reached target Sockets.
[[0;32m  OK  [0m] Reached target Basic System.
         Starting Login Service...
[[0;32m  OK  [0m] Started Regular background program processing daemon.
ci-info: |   6   |   ff00::/8  |    ::   |   enp0s8  |   U   |
[   18.068414] cloud-init[1082]: ci-info: |   7   |   ff00::/8  |    ::   |   enp0s3  |   U   |
[   18.075726] cloud-init[1082]: ci-info: +-------+-------------+---------+-----------+-------+
[[0;32m  OK  [0m] Started Deferred execution scheduler.
[[0;32m  OK  [0m] Started ACPI event daemon.
         Starting Accounts Service...
         Starting Message of the Day...
         Starting OpenBSD Secure Shell server...
         Starting LSB: MD monitoring daemon...
[[0;32m  OK  [0m] Started D-Bus System Message Bus.
         Starting The PHP 7.0 FastCGI Process Manager...
         Starting LSB: Record successful boot for GRUB...
         Starting LXD - container startup/shutdown...
         Starting Snap Daemon...
[[0;32m  OK  [0m] Started FUSE filesystem for LXC.
         Starting Virtualbox guest utils...
         Starting /etc/rc.local Compatibility...
         Starting System Logging Service...
[[0;32m  OK  [0m] Started Message of the Day.
[[0;32m  OK  [0m] Started /etc/rc.local Compatibility.
[[0;32m  OK  [0m] Started iSCSI initiator daemon (iscsid).
[[0;32m  OK  [0m] Started Login Service.
[[0;32m  OK  [0m] Started Unattended Upgrades Shutdown.
         Starting Authenticate and Authorize Users to Run Privileged Tasks...
         Starting Login to default iSCSI targets...
[[0;32m  OK  [0m] Started OpenBSD Secure Shell server.
[[0;32m  OK  [0m] Started System Logging Service.
[[0;32m  OK  [0m] Started LSB: MD monitoring daemon.
[[0;32m  OK  [0m] Started LSB: Record successful boot for GRUB.
[[0;32m  OK  [0m] Started Login to default iSCSI targets.
[[0;32m  OK  [0m] Reached target Remote File Systems (Pre).
         Mounting /vagrant...
         Mounting /var/www/html...
[[0;1;31mFAILED[0m] Failed to mount /vagrant.
See 'systemctl status vagrant.mount' for details.
[[0;1;33mDEPEND[0m] Dependency failed for Remote File Systems.
         Starting LSB: Apache2 web server...
         Starting LSB: automatic crash report generation...
         Starting LSB: Set the CPU Frequency Scaling governor to "ondemand"...
         Starting Permit User Sessions...
         Starting LSB: daemon to balance interrupts for SMP systems...
[[0;1;31mFAILED[0m] Failed to mount /var/www/html.
See 'systemctl status var-www-html.mount' for details.
[[0;32m  OK  [0m] Started Permit User Sessions.
         Starting Hold until boot process finishes up...
         Starting Terminate Plymouth Boot Screen...
[[0;32m  OK  [0m] Started Hold until boot process finishes up.
[[0;32m  OK  [0m] Started Terminate Plymouth Boot Screen.
[[0;32m  OK  [0m] Started Virtualbox guest utils.
[[0;32m  OK  [0m] Started LXD - container startup/shutdown.
[[0;32m  OK  [0m] Started Authenticate and Authorize Users to Run Privileged Tasks.
[[0;32m  OK  [0m] Started Getty on tty1.
         Starting Set console scheme...
[[0;32m  OK  [0m] Started Serial Getty on ttyS0.
[[0;32m  OK  [0m] Reached target Login Prompts.
[[0;32m  OK  [0m] Started Accounts Service.
[[0;32m  OK  [0m] Started LSB: Set the CPU Frequency Scaling governor to "ondemand".
[[0;32m  OK  [0m] Started Set console scheme.
[[0;32m  OK  [0m] Started LSB: automatic crash report generation.
[[0;32m  OK  [0m] Started LSB: daemon to balance interrupts for SMP systems.
[[0;32m  OK  [0m] Created slice User Slice of vagrant.
         Starting User Manager for UID 1000...
[[0;32m  OK  [0m] Started Session 1 of user vagrant.
[[0;32m  OK  [0m] Started User Manager for UID 1000.
[[0;32m  OK  [0m] Started Snap Daemon.
         Starting Wait until snapd is fully seeded...
[[0;32m  OK  [0m] Started Wait until snapd is fully seeded.
         Starting Apply the settings specified in cloud-config...
[[0;32m  OK  [0m] Started The PHP 7.0 FastCGI Process Manager.
[[0;32m  OK  [0m] Started LSB: Apache2 web server.
[[0;32m  OK  [0m] Reached target Multi-User System.
[[0;32m  OK  [0m] Reached target Graphical Interface.
         Starting Update UTMP about System Runlevel Changes...
[[0;32m  OK  [0m] Started Update UTMP about System Runlevel Changes.
[   23.065864] cloud-init[1464]: Cloud-init v. 21.1-19-gbad84ad4-0ubuntu1~16.04.2 running 'modules:config' at Wed, 16 Jun 2021 07:11:20 +0000. Up 22.49 seconds.
[[0;32m  OK  [0m] Started Apply the settings specified in cloud-config.
         Starting Execute cloud user/final scripts...
[   25.099980] cloud-init[1513]: Cloud-init v. 21.1-19-gbad84ad4-0ubuntu1~16.04.2 running 'modules:final' at Wed, 16 Jun 2021 07:11:22 +0000. Up 24.60 seconds.
[   25.100883] cloud-init[1513]: Cloud-init v. 21.1-19-gbad84ad4-0ubuntu1~16.04.2 finished at Wed, 16 Jun 2021 07:11:22 +0000. Datasource DataSourceNoCloud [seed=/dev/sdb][dsmode=net].  Up 25.06 seconds

Ubuntu 16.04.7 LTS ubuntu-xenial ttyS0

ubuntu-xenial login: 