[    0.000000] Initializing cgroup subsys cpuset
[    0.000000] Initializing cgroup subsys cpu
[    0.000000] Initializing cgroup subsys cpuacct
[    0.000000] Linux version 4.4.0-210-generic (buildd@lgw01-amd64-009) (gcc version 5.4.0 20160609 (Ubuntu 5.4.0-6ubuntu1~16.04.12) ) #242-Ubuntu SMP Fri Apr 16 09:57:56 UTC 2021 (Ubuntu 4.4.0-210.242-generic 4.4.262)
[    0.000000] Command line: BOOT_IMAGE=/boot/vmlinuz-4.4.0-210-generic root=LABEL=cloudimg-rootfs ro console=tty1 console=ttyS0
[    0.000000] KERNEL supported cpus:
[    0.000000]   Intel GenuineIntel
[    0.000000]   AMD AuthenticAMD
[    0.000000]   Centaur CentaurHauls
[    0.000000] x86/fpu: xstate_offset[2]:  576, xstate_sizes[2]:  256
[    0.000000] x86/fpu: Supporting XSAVE feature 0x01: 'x87 floating point registers'
[    0.000000] x86/fpu: Supporting XSAVE feature 0x02: 'SSE registers'
[    0.000000] x86/fpu: Supporting XSAVE feature 0x04: 'AVX registers'
[    0.000000] x86/fpu: Enabled xstate features 0x7, context size is 832 bytes, using 'standard' format.
[    0.000000] e820: BIOS-provided physical RAM map:
[    0.000000] BIOS-e820: [mem 0x0000000000000000-0x000000000009fbff] usable
[    0.000000] BIOS-e820: [mem 0x000000000009fc00-0x000000000009ffff] reserved
[    0.000000] BIOS-e820: [mem 0x00000000000f0000-0x00000000000fffff] reserved
[    0.000000] BIOS-e820: [mem 0x0000000000100000-0x000000003ffeffff] usable
[    0.000000] BIOS-e820: [mem 0x000000003fff0000-0x000000003fffffff] ACPI data
[    0.000000] BIOS-e820: [mem 0x00000000fec00000-0x00000000fec00fff] reserved
[    0.000000] BIOS-e820: [mem 0x00000000fee00000-0x00000000fee00fff] reserved
[    0.000000] BIOS-e820: [mem 0x00000000fffc0000-0x00000000ffffffff] reserved
[    0.000000] NX (Execute Disable) protection: active
[    0.000000] SMBIOS 2.5 present.
[    0.000000] Hypervisor detected: KVM
[    0.000000] e820: last_pfn = 0x3fff0 max_arch_pfn = 0x400000000
[    0.000000] MTRR: Disabled
[    0.000000] x86/PAT: MTRRs disabled, skipping PAT initialization too.
[    0.000000] CPU MTRRs all blank - virtualized system.
[    0.000000] x86/PAT: Configuration [0-7]: WB  WT  UC- UC  WB  WT  UC- UC  
[    0.000000] found SMP MP-table at [mem 0x0009fff0-0x0009ffff] mapped at [ffff88000009fff0]
[    0.000000] Scanning 1 areas for low memory corruption
[    0.000000] RAMDISK: [mem 0x362de000-0x37166fff]
[    0.000000] ACPI: Early table checksum verification disabled
[    0.000000] ACPI: RSDP 0x00000000000E0000 000024 (v02 VBOX  )
[    0.000000] ACPI: XSDT 0x000000003FFF0030 00003C (v01 VBOX   VBOXXSDT 00000001 ASL  00000061)
[    0.000000] ACPI: FACP 0x000000003FFF00F0 0000F4 (v04 VBOX   VBOXFACP 00000001 ASL  00000061)
[    0.000000] ACPI: DSDT 0x000000003FFF0470 002325 (v02 VBOX   VBOXBIOS 00000002 INTL 20100528)
[    0.000000] ACPI: FACS 0x000000003FFF0200 000040
[    0.000000] ACPI: FACS 0x000000003FFF0200 000040
[    0.000000] ACPI: APIC 0x000000003FFF0240 00005C (v02 VBOX   VBOXAPIC 00000001 ASL  00000061)
[    0.000000] ACPI: SSDT 0x000000003FFF02A0 0001CC (v01 VBOX   VBOXCPUT 00000002 INTL 20100528)
[    0.000000] No NUMA configuration found
[    0.000000] Faking a node at [mem 0x0000000000000000-0x000000003ffeffff]
[    0.000000] NODE_DATA(0) allocated [mem 0x3ffeb000-0x3ffeffff]
[    0.000000] kvm-clock: Using msrs 4b564d01 and 4b564d00
[    0.000000] kvm-clock: cpu 0, msr 0:3ffe3001, primary cpu clock
[    0.000000] kvm-clock: using sched offset of 3674424572 cycles
[    0.000000] clocksource: kvm-clock: mask: 0xffffffffffffffff max_cycles: 0x1cd42e4dffb, max_idle_ns: 881590591483 ns
[    0.000000] Zone ranges:
[    0.000000]   DMA      [mem 0x0000000000001000-0x0000000000ffffff]
[    0.000000]   DMA32    [mem 0x0000000001000000-0x000000003ffeffff]
[    0.000000]   Normal   empty
[    0.000000]   Device   empty
[    0.000000] Movable zone start for each node
[    0.000000] Early memory node ranges
[    0.000000]   node   0: [mem 0x0000000000001000-0x000000000009efff]
[    0.000000]   node   0: [mem 0x0000000000100000-0x000000003ffeffff]
[    0.000000] Initmem setup node 0 [mem 0x0000000000001000-0x000000003ffeffff]
[    0.000000] ACPI: PM-Timer IO Port: 0x4008
[    0.000000] IOAPIC[0]: apic_id 2, version 32, address 0xfec00000, GSI 0-23
[    0.000000] ACPI: INT_SRC_OVR (bus 0 bus_irq 0 global_irq 2 dfl dfl)
[    0.000000] ACPI: INT_SRC_OVR (bus 0 bus_irq 9 global_irq 9 low level)
[    0.000000] Using ACPI (MADT) for SMP configuration information
[    0.000000] smpboot: Allowing 2 CPUs, 0 hotplug CPUs
[    0.000000] PM: Registered nosave memory: [mem 0x00000000-0x00000fff]
[    0.000000] PM: Registered nosave memory: [mem 0x0009f000-0x0009ffff]
[    0.000000] PM: Registered nosave memory: [mem 0x000a0000-0x000effff]
[    0.000000] PM: Registered nosave memory: [mem 0x000f0000-0x000fffff]
[    0.000000] e820: [mem 0x40000000-0xfebfffff] available for PCI devices
[    0.000000] Booting paravirtualized kernel on KVM
[    0.000000] clocksource: refined-jiffies: mask: 0xffffffff max_cycles: 0xffffffff, max_idle_ns: 7645519600211568 ns
[    0.000000] setup_percpu: NR_CPUS:512 nr_cpumask_bits:512 nr_cpu_ids:2 nr_node_ids:1
[    0.000000] PERCPU: Embedded 33 pages/cpu @ffff88003fc00000 s95192 r8192 d31784 u1048576
[    0.000000] Built 1 zonelists in Node order, mobility grouping on.  Total pages: 257912
[    0.000000] Policy zone: DMA32
[    0.000000] Kernel command line: BOOT_IMAGE=/boot/vmlinuz-4.4.0-210-generic root=LABEL=cloudimg-rootfs ro console=tty1 console=ttyS0
[    0.000000] PID hash table entries: 4096 (order: 3, 32768 bytes)
[    0.000000] Memory: 997796K/1048120K available (8644K kernel code, 1332K rwdata, 4044K rodata, 1492K init, 1164K bss, 50324K reserved, 0K cma-reserved)
[    0.000000] SLUB: HWalign=64, Order=0-3, MinObjects=0, CPUs=2, Nodes=1
[    0.000000] Kernel/User page tables isolation: enabled
[    0.000000] Hierarchical RCU implementation.
[    0.000000] 	Build-time adjustment of leaf fanout to 64.
[    0.000000] 	RCU restricting CPUs from NR_CPUS=512 to nr_cpu_ids=2.
[    0.000000] RCU: Adjusting geometry for rcu_fanout_leaf=64, nr_cpu_ids=2
[    0.000000] NR_IRQS:33024 nr_irqs:440 16
[    0.000000] Console: colour VGA+ 80x25
[    0.000000] console [tty1] enabled
[    0.000000] console [ttyS0] enabled
[    0.000000] tsc: Detected 1799.999 MHz processor
[    0.229380] Calibrating delay loop (skipped) preset value.. 3599.99 BogoMIPS (lpj=7199996)
[    0.231686] pid_max: default: 32768 minimum: 301
[    0.232958] ACPI: Core revision 20150930
[    0.235712] ACPI: 2 ACPI AML tables successfully acquired and loaded
[    0.237624] Security Framework initialized
[    0.238709] Yama: becoming mindful.
[    0.239704] AppArmor: AppArmor initialized
[    0.240907] Dentry cache hash table entries: 131072 (order: 8, 1048576 bytes)
[    0.251192] Inode-cache hash table entries: 65536 (order: 7, 524288 bytes)
[    0.253098] Mount-cache hash table entries: 2048 (order: 2, 16384 bytes)
[    0.254768] Mountpoint-cache hash table entries: 2048 (order: 2, 16384 bytes)
[    0.256628] Initializing cgroup subsys io
[    0.257800] Initializing cgroup subsys memory
[    0.258965] Initializing cgroup subsys devices
[    0.260121] Initializing cgroup subsys freezer
[    0.261363] Initializing cgroup subsys net_cls
[    0.262535] Initializing cgroup subsys perf_event
[    0.263819] Initializing cgroup subsys net_prio
[    0.265028] Initializing cgroup subsys hugetlb
[    0.266217] Initializing cgroup subsys pids
[    0.280294] mce: CPU supports 0 MCE banks
[    0.281489] Last level iTLB entries: 4KB 64, 2MB 8, 4MB 8
[    0.282872] Last level dTLB entries: 4KB 64, 2MB 0, 4MB 0, 1GB 4
[    0.284357] Spectre V1 : Mitigation: usercopy/swapgs barriers and __user pointer sanitization
[    0.286683] Spectre V2 : Mitigation: Full generic retpoline
[    0.288050] Spectre V2 : Spectre v2 / SpectreRSB mitigation: Filling RSB on context switch
[    0.290243] Speculative Store Bypass: Vulnerable
[    0.291462] SRBDS: Unknown: Dependent on hypervisor status
[    0.292938] MDS: Mitigation: Clear CPU buffers
[    0.297358] Freeing SMP alternatives memory: 36K
[    0.305341] ftrace: allocating 32380 entries in 127 pages
[    0.384289] smpboot: APIC(0) Converting physical 0 to logical package 0
[    0.386167] smpboot: Max logical packages: 1
[    0.387675] x2apic enabled
[    0.389204] Switched APIC routing to physical x2apic.
[    0.392543] ..TIMER: vector=0x30 apic1=0 pin1=2 apic2=-1 pin2=-1
[    0.502220] smpboot: CPU0: Intel(R) Core(TM) i5-8250U CPU @ 1.60GHz (family: 0x6, model: 0x8e, stepping: 0xa)
[    0.505091] Performance Events: unsupported p6 CPU model 142 no PMU driver, software events only.
[    0.517324] KVM setup paravirtual spinlock
[    0.521060] x86: Booting SMP configuration:
[    0.522625] .... node  #0, CPUs:      #1
[    0.523989] kvm-clock: cpu 1, msr 0:3ffe3041, secondary cpu clock
[    0.538243] mce: CPU supports 0 MCE banks
[    0.540951] x86: Booted up 1 node, 2 CPUs
[    0.542337] smpboot: Total of 2 processors activated (7199.99 BogoMIPS)
[    0.544522] devtmpfs: initialized
[    0.547290] evm: security.selinux
[    0.548276] evm: security.SMACK64
[    0.549337] evm: security.SMACK64EXEC
[    0.550467] evm: security.SMACK64TRANSMUTE
[    0.551683] evm: security.SMACK64MMAP
[    0.553581] evm: security.ima
[    0.556174] evm: security.capability
[    0.558068] clocksource: jiffies: mask: 0xffffffff max_cycles: 0xffffffff, max_idle_ns: 7645041785100000 ns
[    0.561016] futex hash table entries: 512 (order: 3, 32768 bytes)
[    0.562819] pinctrl core: initialized pinctrl subsystem
[    0.564298] RTC time:  7:12:05, date: 06/17/21
[    0.565854] NET: Registered protocol family 16
[    0.578467] cpuidle: using governor ladder
[    0.594941] cpuidle: using governor menu
[    0.596588] PCCT header not found.
[    0.597751] ACPI: bus type PCI registered
[    0.598907] acpiphp: ACPI Hot Plug PCI Controller Driver version: 0.5
[    0.600925] PCI: Using configuration type 1 for base access
[    0.616120] ACPI: Added _OSI(Module Device)
[    0.617477] ACPI: Added _OSI(Processor Device)
[    0.618801] ACPI: Added _OSI(3.0 _SCP Extensions)
[    0.620063] ACPI: Added _OSI(Processor Aggregator Device)
[    0.622293] ACPI: Executed 1 blocks of module-level executable AML code
[    0.626473] ACPI: Interpreter enabled
[    0.627658] ACPI: (supports S0 S5)
[    0.628735] ACPI: Using IOAPIC for interrupt routing
[    0.630235] PCI: Using host bridge windows from ACPI; if necessary, use "pci=nocrs" and report a bug
[    0.637055] ACPI: PCI Root Bridge [PCI0] (domain 0000 [bus 00-ff])
[    0.638796] acpi PNP0A03:00: _OSC: OS supports [ASPM ClockPM Segments MSI]
[    0.640858] acpi PNP0A03:00: _OSC: not requesting OS control; OS requires [ExtendedConfig ASPM ClockPM MSI]
[    0.643388] acpi PNP0A03:00: fail to add MMCONFIG information, can't access extended PCI configuration space under this bridge.
[    0.646839] PCI host bridge to bus 0000:00
[    0.647983] pci_bus 0000:00: root bus resource [io  0x0000-0x0cf7 window]
[    0.649793] pci_bus 0000:00: root bus resource [io  0x0d00-0xffff window]
[    0.651520] pci_bus 0000:00: root bus resource [mem 0x000a0000-0x000bffff window]
[    0.653680] pci_bus 0000:00: root bus resource [mem 0x40000000-0xfdffffff window]
[    0.655854] pci_bus 0000:00: root bus resource [bus 00-ff]
[    0.660741] pci 0000:00:01.1: legacy IDE quirk: reg 0x10: [io  0x01f0-0x01f7]
[    0.664363] pci 0000:00:01.1: legacy IDE quirk: reg 0x14: [io  0x03f6]
[    0.666497] pci 0000:00:01.1: legacy IDE quirk: reg 0x18: [io  0x0170-0x0177]
[    0.681565] pci 0000:00:01.1: legacy IDE quirk: reg 0x1c: [io  0x0376]
[    0.698568] pci 0000:00:07.0: quirk: [io  0x4000-0x403f] claimed by PIIX4 ACPI
[    0.702869] pci 0000:00:07.0: quirk: [io  0x4100-0x410f] claimed by PIIX4 SMB
[    0.714589] ACPI: PCI Interrupt Link [LNKA] (IRQs 5 9 10 *11)
[    0.717060] ACPI: PCI Interrupt Link [LNKB] (IRQs 5 9 *10 11)
[    0.719202] ACPI: PCI Interrupt Link [LNKC] (IRQs 5 *9 10 11)
[    0.721368] ACPI: PCI Interrupt Link [LNKD] (IRQs 5 9 10 *11)
[    0.723440] ACPI: Enabled 2 GPEs in block 00 to 07
[    0.725350] vgaarb: setting as boot device: PCI:0000:00:02.0
[    0.726758] vgaarb: device added: PCI:0000:00:02.0,decodes=io+mem,owns=io+mem,locks=none
[    0.728937] vgaarb: loaded
[    0.729831] vgaarb: bridge control possible 0000:00:02.0
[    0.732268] SCSI subsystem initialized
[    0.735176] ACPI: bus type USB registered
[    0.736764] usbcore: registered new interface driver usbfs
[    0.738343] usbcore: registered new interface driver hub
[    0.739719] usbcore: registered new device driver usb
[    0.746894] PCI: Using ACPI for IRQ routing
[    0.748403] NetLabel: Initializing
[    0.749502] NetLabel:  domain hash size = 128
[    0.750753] NetLabel:  protocols = UNLABELED CIPSOv4
[    0.752121] NetLabel:  unlabeled traffic allowed by default
[    0.753844] amd_nb: Cannot enumerate AMD northbridges
[    0.755469] clocksource: Switched to clocksource kvm-clock
[    0.777180] AppArmor: AppArmor Filesystem Enabled
[    0.778549] pnp: PnP ACPI init
[    0.780406] pnp: PnP ACPI: found 3 devices
[    0.792750] clocksource: acpi_pm: mask: 0xffffff max_cycles: 0xffffff, max_idle_ns: 2085701024 ns
[    0.795178] NET: Registered protocol family 2
[    0.796569] TCP established hash table entries: 8192 (order: 4, 65536 bytes)
[    0.798288] TCP bind hash table entries: 8192 (order: 5, 131072 bytes)
[    0.799944] TCP: Hash tables configured (established 8192 bind 8192)
[    0.801517] UDP hash table entries: 512 (order: 2, 16384 bytes)
[    0.803240] UDP-Lite hash table entries: 512 (order: 2, 16384 bytes)
[    0.805242] NET: Registered protocol family 1
[    0.806730] pci 0000:00:00.0: Limiting direct PCI/PCI transfers
[    0.809669] pci 0000:00:01.0: Activating ISA DMA hang workarounds
[    0.811529] Unpacking initramfs...
[    1.150986] Freeing initrd memory: 14884K
[    1.152288] clocksource: tsc: mask: 0xffffffffffffffff max_cycles: 0x19f228ab7a2, max_idle_ns: 440795289252 ns
[    1.154887] platform rtc_cmos: registered platform RTC device (no PNP device found)
[    1.157167] Scanning for low memory corruption every 60 seconds
[    1.159136] audit: initializing netlink subsys (disabled)
[    1.160628] audit: type=2000 audit(1623913930.826:1): initialized
[    1.162375] Initialise system trusted keyring
[    1.163849] HugeTLB registered 2 MB page size, pre-allocated 0 pages
[    1.166744] zbud: loaded
[    1.168022] VFS: Disk quotas dquot_6.6.0
[    1.169164] VFS: Dquot-cache hash table entries: 512 (order 0, 4096 bytes)
[    1.171010] squashfs: version 4.0 (2009/01/31) Phillip Lougher
[    1.172946] fuse init (API version 7.23)
[    1.174190] Key type big_key registered
[    1.175430] Allocating IMA MOK and blacklist keyrings.
[    1.178757] Key type asymmetric registered
[    1.179911] Asymmetric key parser 'x509' registered
[    1.181254] Block layer SCSI generic (bsg) driver version 0.4 loaded (major 249)
[    1.183430] io scheduler noop registered
[    1.184588] io scheduler deadline registered (default)
[    1.185977] io scheduler cfq registered
[    1.187247] pci_hotplug: PCI Hot Plug PCI Core version: 0.5
[    1.188758] pciehp: PCI Express Hot Plug Controller Driver version: 0.4
[    1.190439] ACPI: AC Adapter [AC] (on-line)
[    1.191612] input: Power Button as /devices/LNXSYSTM:00/LNXPWRBN:00/input/input0
[    1.193643] ACPI: Power Button [PWRF]
[    1.194739] input: Sleep Button as /devices/LNXSYSTM:00/LNXSLPBN:00/input/input1
[    1.198144] ACPI: Sleep Button [SLPF]
[    1.201000] GHES: HEST is not enabled!
[    1.203382] ACPI: Battery Slot [BAT0] (battery present)
[    1.204912] Serial: 8250/16550 driver, 32 ports, IRQ sharing enabled
[    1.227140] 00:02: ttyS0 at I/O 0x3f8 (irq = 4, base_baud = 115200) is a 16550A
[    1.232483] Linux agpgart interface v0.103
[    1.236191] loop: module loaded
[    1.237803] scsi host0: ata_piix
[    1.239638] scsi host1: ata_piix
[    1.240805] ata1: PATA max UDMA/33 cmd 0x1f0 ctl 0x3f6 bmdma 0xd000 irq 14
[    1.242709] ata2: PATA max UDMA/33 cmd 0x170 ctl 0x376 bmdma 0xd008 irq 15
[    1.244662] libphy: Fixed MDIO Bus: probed
[    1.245850] tun: Universal TUN/TAP device driver, 1.6
[    1.247157] tun: (C) 1999-2004 Max Krasnyansky <maxk@qualcomm.com>
[    1.248873] PPP generic driver version 2.4.2
[    1.250167] ehci_hcd: USB 2.0 'Enhanced' Host Controller (EHCI) Driver
[    1.251777] ehci-pci: EHCI PCI platform driver
[    1.252965] ehci-platform: EHCI generic platform driver
[    1.254322] ohci_hcd: USB 1.1 'Open' Host Controller (OHCI) Driver
[    1.255874] ohci-pci: OHCI PCI platform driver
[    1.257090] ohci-platform: OHCI generic platform driver
[    1.258482] uhci_hcd: USB Universal Host Controller Interface driver
[    1.260184] i8042: PNP: PS/2 Controller [PNP0303:PS2K,PNP0f03:PS2M] at 0x60,0x64 irq 1,12
[    1.262849] serio: i8042 KBD port at 0x60,0x64 irq 1
[    1.264178] serio: i8042 AUX port at 0x60,0x64 irq 12
[    1.265746] mousedev: PS/2 mouse device common for all mice
[    1.268244] rtc_cmos rtc_cmos: rtc core: registered rtc_cmos as rtc0
[    1.271754] input: AT Translated Set 2 keyboard as /devices/platform/i8042/serio0/input/input2
[    1.274839] rtc_cmos rtc_cmos: alarms up to one day, 114 bytes nvram
[    1.277204] i2c /dev entries driver
[    1.278388] device-mapper: uevent: version 1.0.3
[    1.279792] device-mapper: ioctl: 4.34.0-ioctl (2015-10-28) initialised: dm-devel@redhat.com
[    1.282244] ledtrig-cpu: registered to indicate activity on CPUs
[    1.284201] NET: Registered protocol family 10
[    1.285777] NET: Registered protocol family 17
[    1.286988] Key type dns_resolver registered
[    1.288729] registered taskstats version 1
[    1.289867] Loading compiled-in X.509 certificates
[    1.291613] Loaded X.509 cert 'Build time autogenerated kernel key: cf00e047681d67edb2720680708b7d9498083038'
[    1.294185] zswap: loaded using pool lzo/zbud
[    1.297225] Key type trusted registered
[    1.301228] Key type encrypted registered
[    1.303163] AppArmor: AppArmor sha1 policy hashing enabled
[    1.305591] ima: No TPM chip found, activating TPM-bypass!
[    1.307448] ima: Allocated hash algorithm: sha1
[    1.308695] evm: HMAC attrs: 0x1
[    1.310032]   Magic number: 9:186:218
[    1.311028]   hash matches /build/linux-3Zqs18/linux-4.4.0/drivers/base/power/main.c:481
[    1.313225] rtc_cmos rtc_cmos: setting system clock to 2021-06-17 07:12:05 UTC (1623913925)
[    1.315896] BIOS EDD facility v0.16 2004-Jun-25, 0 devices found
[    1.317453] EDD information not available.
[    1.426294] Freeing unused kernel memory: 1492K
[    1.427540] Write protecting the kernel read-only data: 14336k
[    1.429497] Freeing unused kernel memory: 1584K
[    1.431186] Freeing unused kernel memory: 52K
Loading, please wait...
starting version 229
[    1.447369] random: systemd-udevd: uninitialized urandom read (16 bytes read, 3 bits of entropy available)
[    1.448229] random: udevadm: uninitialized urandom read (16 bytes read, 3 bits of entropy available)
[    1.448265] random: udevadm: uninitialized urandom read (16 bytes read, 3 bits of entropy available)
[    1.456403] random: systemd-udevd: uninitialized urandom read (16 bytes read, 3 bits of entropy available)
[    1.457902] random: udevadm: uninitialized urandom read (16 bytes read, 3 bits of entropy available)
[    1.457949] random: udevadm: uninitialized urandom read (16 bytes read, 3 bits of entropy available)
[    1.458100] random: udevadm: uninitialized urandom read (16 bytes read, 3 bits of entropy available)
[    1.458159] random: udevadm: uninitialized urandom read (16 bytes read, 3 bits of entropy available)
[    1.458214] random: udevadm: uninitialized urandom read (16 bytes read, 3 bits of entropy available)
[    1.458275] random: udevadm: uninitialized urandom read (16 bytes read, 3 bits of entropy available)
[    1.511452] e1000: Intel(R) PRO/1000 Network Driver - version 7.3.21-k8-NAPI
[    1.513423] e1000: Copyright (c) 1999-2006 Intel Corporation.
[    1.526924] Fusion MPT base driver 3.04.20
[    1.528189] Copyright (c) 1999-2008 LSI Corporation
[    1.545789] AVX2 version of gcm_enc/dec engaged.
[    1.547048] AES CTR mode by8 optimization enabled
[    1.563378] Fusion MPT SPI Host driver 3.04.20
[    1.743426] input: ImExPS/2 Generic Explorer Mouse as /devices/platform/i8042/serio1/input/input4
[    2.335838] e1000 0000:00:03.0 eth0: (PCI:33MHz:32-bit) 02:ed:98:3c:8e:82
[    2.338153] e1000 0000:00:03.0 eth0: Intel(R) PRO/1000 Network Connection
[    3.123792] e1000 0000:00:08.0 eth1: (PCI:33MHz:32-bit) 08:00:27:d6:cf:73
[    3.125827] e1000 0000:00:08.0 eth1: Intel(R) PRO/1000 Network Connection
[    3.128698] mptbase: ioc0: Initiating bringup
[    3.129372] e1000 0000:00:08.0 enp0s8: renamed from eth1
[    3.146954] e1000 0000:00:03.0 enp0s3: renamed from eth0
[    3.196188] ioc0: LSI53C1030 A0: Capabilities={Initiator}
[    3.359787] scsi host2: ioc0: LSI53C1030 A0, FwRev=00000000h, Ports=1, MaxQ=256, IRQ=20
[    3.472307] scsi 2:0:0:0: Direct-Access     VBOX     HARDDISK         1.0  PQ: 0 ANSI: 5
[    3.474592] scsi target2:0:0: Beginning Domain Validation
[    3.479404] scsi target2:0:0: Domain Validation skipping write tests
[    3.481045] scsi target2:0:0: Ending Domain Validation
[    3.482611] scsi target2:0:0: asynchronous
[    3.498541] scsi 2:0:1:0: Direct-Access     VBOX     HARDDISK         1.0  PQ: 0 ANSI: 5
[    3.501121] scsi target2:0:1: Beginning Domain Validation
[    3.505373] scsi target2:0:1: Domain Validation skipping write tests
[    3.507907] scsi target2:0:1: Ending Domain Validation
[    3.509429] scsi target2:0:1: asynchronous
[    3.517426] sd 2:0:0:0: Attached scsi generic sg0 type 0
[    3.517569] sd 2:0:0:0: [sda] 83886080 512-byte logical blocks: (42.9 GB/40.0 GiB)
[    3.517716] sd 2:0:0:0: [sda] Write Protect is off
[    3.517843] sd 2:0:0:0: [sda] Incomplete mode parameter data
[    3.517844] sd 2:0:0:0: [sda] Assuming drive cache: write through
[    3.520335]  sda: sda1
[    3.521129] sd 2:0:0:0: [sda] Attached SCSI disk
[    3.528451] sd 2:0:1:0: Attached scsi generic sg1 type 0
[    3.528628] sd 2:0:1:0: [sdb] 20480 512-byte logical blocks: (10.5 MB/10.0 MiB)
[    3.529026] sd 2:0:1:0: [sdb] Write Protect is off
[    3.529287] sd 2:0:1:0: [sdb] Incomplete mode parameter data
[    3.529289] sd 2:0:1:0: [sdb] Assuming drive cache: write through
[    3.532743] sd 2:0:1:0: [sdb] Attached SCSI disk
Begin: Loading essential drivers ... [    5.051580] md: linear personality registered for level -1
[    5.055075] md: multipath personality registered for level -4
[    5.058608] md: raid0 personality registered for level 0
[    5.063947] md: raid1 personality registered for level 1
[    5.139662] raid6: sse2x1   gen() 11165 MB/s
[    5.207926] raid6: sse2x1   xor()  7409 MB/s
[    5.275509] raid6: sse2x2   gen() 11235 MB/s
[    5.343534] raid6: sse2x2   xor()  9221 MB/s
[    5.411979] raid6: sse2x4   gen() 15142 MB/s
[    5.479777] raid6: sse2x4   xor()  9938 MB/s
[    5.547612] raid6: avx2x1   gen() 18215 MB/s
[    5.615846] raid6: avx2x2   gen() 25143 MB/s
[    5.683538] raid6: avx2x4   gen() 24671 MB/s
[    5.684840] raid6: using algorithm avx2x2 gen() 25143 MB/s
[    5.686228] raid6: using avx2x2 recovery algorithm
[    5.688863] xor: automatically using best checksumming function:
[    5.727636]    avx       : 20743.000 MB/sec
[    5.729752] async_tx: api initialized (async)
[    5.740885] md: raid6 personality registered for level 6
[    5.742415] md: raid5 personality registered for level 5
[    5.743849] md: raid4 personality registered for level 4
[    5.752140] md: raid10 personality registered for level 10
done.
Begin: Running /scripts/init-premount ... done.
Begin: Mounting root file system ... Begin: Running /scripts/local-top ... done.
Begin: Running /scripts/local-premount ... [    5.787786] Btrfs loaded
Scanning for Btrfs filesystems
done.
Warning: fsck not present, so skipping root file system
[    5.819110] EXT4-fs (sda1): INFO: recovery required on readonly filesystem
[    5.820893] EXT4-fs (sda1): write access will be enabled during recovery
[    5.917691] EXT4-fs (sda1): orphan cleanup on readonly fs
[    5.919157] EXT4-fs (sda1): 2 orphan inodes deleted
[    5.920586] EXT4-fs (sda1): recovery complete
[    5.922926] EXT4-fs (sda1): mounted filesystem with ordered data mode. Opts: (null)
done.
Begin: Running /scripts/local-bottom ... done.
Begin: Running /scripts/init-bottom ... done.
[    6.036252] systemd[1]: systemd 229 running in system mode. (+PAM +AUDIT +SELINUX +IMA +APPARMOR +SMACK +SYSVINIT +UTMP +LIBCRYPTSETUP +GCRYPT +GNUTLS +ACL +XZ -LZ4 +SECCOMP +BLKID +ELFUTILS +KMOD -IDN)
[    6.040683] systemd[1]: Detected virtualization oracle.
[    6.041991] systemd[1]: Detected architecture x86-64.

Welcome to [1mUbuntu 16.04.7 LTS[0m!

[    6.052838] systemd[1]: Set hostname to <ubuntu-xenial>.
[    6.219312] systemd[1]: Created slice System Slice.
[[0;32m  OK  [0m] Created slice System Slice.
[    6.222903] systemd[1]: Started Forward Password Requests to Wall Directory Watch.
[[0;32m  OK  [0m] Started Forward Password Requests to Wall Directory Watch.
[    6.228810] systemd[1]: Listening on /dev/initctl Compatibility Named Pipe.
[[0;32m  OK  [0m] Listening on /dev/initctl Compatibility Named Pipe.
[    6.232817] systemd[1]: Reached target User and Group Name Lookups.
[[0;32m  OK  [0m] Reached target User and Group Name Lookups.
[    6.235958] systemd[1]: Listening on LVM2 metadata daemon socket.
[[0;32m  OK  [0m] Listening on LVM2 metadata daemon socket.
[    6.238722] systemd[1]: Listening on udev Control Socket.
[[0;32m  OK  [0m] Listening on udev Control Socket.
[    6.241337] systemd[1]: Listening on Journal Socket.
[[0;32m  OK  [0m] Listening on Journal Socket.
[    6.255861] systemd[1]: Mounting POSIX Message Queue File System...
         Mounting POSIX Message Queue File System...
[    6.259479] systemd[1]: Starting Create list of required static device nodes for the current kernel...
         Starting Create list of required st... nodes for the current kernel...
[    6.264811] systemd[1]: Starting Nameserver information manager...
         Starting Nameserver information manager...
[    6.271684] systemd[1]: Starting Load Kernel Modules...
         Starting Load Kernel Modules...
[    6.274524] systemd[1]: Listening on LVM2 poll daemon socket.
[[0;32m  OK  [0m] Listening on LVM2 poll daemon socket.
[    6.278361] systemd[1]: Listening on Journal Socket (/dev/log).
[[0;32m  OK  [0m] Listening on Journal Socket (/dev/log).
[    6.283094] systemd[1]: Reached target System Time Synchronized.
[[0;32m  OK  [0m] Reached target System Time Synchronized.
[    6.286887] Loading iSCSI transport class v2.0-870.
[    6.288672] systemd[1]: Starting Set console keymap...
         Starting Set console keymap...
[    6.293154] systemd[1]: Set up automount Arbitrary Executable File Formats File System Automount Point.
[[0;32m  OK  [0m] Set up automount Arbitrary Executab...ats File System Automount Point.
[    6.299757] systemd[1]: Listening on Device-mapper event daemon FIFOs.
[    6.308463] iscsi: registered transport (tcp)
[[0;32m  OK  [0m] Listening on Device-mapper event daemon FIFOs.
[    6.323963] systemd[1]: Starting Monitoring of LVM2 mirrors, snapshots etc. using dmeventd or progress polling...
         Starting Monitoring of LVM2 mirrors... dmeventd or progress polling...
[    6.336341] systemd[1]: Created slice User and Session Slice.
[[0;32m  OK  [0m] Created slice User and Session Slice.
[    6.348488] systemd[1]: Reached target Slices.
[[0;32m  OK  [0m] Reached target Slices.
[    6.367143] iscsi: registered transport (iser)
[    6.371610] systemd[1]: Mounting Huge Pages File System...
         Mounting Huge Pages File System...
[    6.376485] systemd[1]: Mounting Debug File System...
         Mounting Debug File System...
[    6.380096] systemd[1]: Reached target Swap.
[[0;32m  OK  [0m] Reached target Swap.
[    6.388374] systemd[1]: Starting Uncomplicated firewall...
         Starting Uncomplicated firewall...
[    6.391325] systemd[1]: Started Trigger resolvconf update for networkd DNS.
[[0;32m  OK  [0m] Started Trigger resolvconf update for networkd DNS.
[    6.395738] systemd[1]: Created slice system-serial\x2dgetty.slice.
[[0;32m  OK  [0m] Created slice system-serial\x2dgetty.slice.
[    6.399448] systemd[1]: Listening on Syslog Socket.
[[0;32m  OK  [0m] Listening on Syslog Socket.
[    6.402599] systemd[1]: Reached target Encrypted Volumes.
[[0;32m  OK  [0m] Reached target Encrypted Volumes.
[    6.412179] systemd[1]: Listening on Journal Audit Socket.
[[0;32m  OK  [0m] Listening on Journal Audit Socket.
[    6.427976] systemd[1]: Starting Journal Service...
         Starting Journal Service...
[    6.430926] systemd[1]: Listening on udev Kernel Socket.
[[0;32m  OK  [0m] Listening on udev Kernel Socket.
[    6.434029] systemd[1]: Listening on fsck to fsckd communication Socket.
[[0;32m  OK  [0m] Listening on fsck to fsckd communication Socket.
[    6.438295] systemd[1]: Starting File System Check on Root Device...
         Starting File System Check on Root Device...
[    6.457151] systemd[1]: Mounted POSIX Message Queue File System.
[[0;32m  OK  [0m] Mounted POSIX Message Queue File System.
[    6.460061] systemd[1]: Mounted Debug File System.
[[0;32m  OK  [0m] Mounted Debug File System.
[    6.462560] systemd[1]: Mounted Huge Pages File System.
[[0;32m  OK  [0m] Mounted Huge Pages File System.
[    6.465921] systemd[1]: Started Create list of required static device nodes for the current kernel.
[[0;32m  OK  [0m] Started Create list of required sta...ce nodes for the current kernel.
[    6.472527] systemd[1]: Started Load Kernel Modules.
[[0;32m  OK  [0m] Started Load Kernel Modules.
[    6.477245] systemd[1]: Started Set console keymap.
[    6.478987] random: nonblocking pool is initialized
[[0;32m  OK  [0m] Started Set console keymap.
[    6.484132] systemd[1]: Started Uncomplicated firewall.
[[0;32m  OK  [0m] Started Uncomplicated firewall.
[    6.492531] systemd[1]: Started File System Check on Root Device.
[[0;32m  OK  [0m] Started File System Check on Root Device.
[    6.516692] systemd[1]: Started Nameserver information manager.
[[0;32m  OK  [0m] Started Nameserver information manager.
[    6.523982] systemd[1]: Started Journal Service.
[[0;32m  OK  [0m] Started Journal Service.
[[0;32m  OK  [0m] Started LVM2 metadata daemon.
[[0;32m  OK  [0m] Started File System Check Daemon to report status.
         Starting Remount Root and Kernel File Systems...
         Starting Apply Kernel Variables...
         Mounting FUSE Control File System...
         Starting Create Static Device Nodes in /dev...
[    6.551776] EXT4-fs (sda1): re-mounted. Opts: (null)
[[0;32m  OK  [0m] Mounted FUSE Control File System.
[[0;32m  OK  [0m] Started Remount Root and Kernel File Systems.
         Starting Flush Journal to Persistent Storage...
         Starting Load/Save Random Seed...
         Starting udev Coldplug all Devices...
[[0;32m  OK  [0m] Started Apply Kernel Variables.
[[0;32m  OK  [0m] Started Load/Save Random Seed.
[[0;32m  OK  [0m] Started Flush Journal to Persistent Storage.
[[0;32m  OK  [0m] Started Create Static Device Nodes in /dev.
         Starting udev Kernel Device Manager...
[[0;32m  OK  [0m] Started udev Kernel Device Manager.
[[0;32m  OK  [0m] Started udev Coldplug all Devices.
[[0;32m  OK  [0m] Started Dispatch Password Requests to Console Directory Watch.
[[0;32m  OK  [0m] Found device /dev/ttyS0.
[[0;32m  OK  [0m] Listening on Load/Save RF Kill Switch Status /dev/rfkill Watch.
[[0;32m  OK  [0m] Started Monitoring of LVM2 mirrors,...ng dmeventd or progress polling.
[[0;32m  OK  [0m] Reached target Local File Systems (Pre).
[[0;32m  OK  [0m] Reached target Local File Systems.
         Starting LSB: AppArmor initialization...
         Starting Set console font and keymap...
         Starting Initial cloud-init job (pre-networking)...
         Starting Create Volatile Files and Directories...
         Starting Tell Plymouth To Write Out Runtime Data...
[[0;32m  OK  [0m] Started Create Volatile Files and Directories.
[[0;32m  OK  [0m] Started Tell Plymouth To Write Out Runtime Data.
         Starting Update UTMP about System Boot/Shutdown...
[[0;32m  OK  [0m] Found device 82540EM Gigabit Ethern...r (PRO/1000 MT Desktop Adapter).
[[0;32m  OK  [0m] Started Update UTMP about System Boot/Shutdown.
[[0;32m  OK  [0m] Started LSB: AppArmor initialization.
[[0;32m  OK  [0m] Found device 82540EM Gigabit Ethern...r (PRO/1000 MT Desktop Adapter).
         Starting Load AppArmor profiles managed internally by snapd...
[[0;32m  OK  [0m] Started Load AppArmor profiles managed internally by snapd.
[[0;32m  OK  [0m] Started Set console font and keymap.
[[0;32m  OK  [0m] Created slice system-getty.slice.
[    8.548681] cloud-init[660]: Cloud-init v. 21.1-19-gbad84ad4-0ubuntu1~16.04.2 running 'init-local' at Thu, 17 Jun 2021 07:12:12 +0000. Up 8.19 seconds.
[[0;32m  OK  [0m] Started Initial cloud-init job (pre-networking).
[[0;32m  OK  [0m] Reached target Network (Pre).
[[0;32m  OK  [0m] Started ifup for enp0s3.
         Starting Raise network interfaces...
[[0;32m  OK  [0m] Started ifup for enp0s8.
[[0;32m  OK  [0m] Started Raise network interfaces.
         Starting Initial cloud-init job (metadata service crawler)...
[[0;32m  OK  [0m] Reached target Network.
[    9.602424] cloud-init[1081]: Cloud-init v. 21.1-19-gbad84ad4-0ubuntu1~16.04.2 running 'init' at Thu, 17 Jun 2021 07:12:13 +0000. Up 9.22 seconds.
[    9.613291] cloud-init[1081]: ci-info: ++++++++++++++++++++++++++++++++++++++Net device info+++++++++++++++++++++++++++++++++++++++
[    9.621213] cloud-init[1081]: ci-info: +--------+------+-----------------------------+---------------+--------+-------------------+
[    9.622815] cloud-init[1081]: ci-info: | Device |  Up  |           Address           |      Mask     | Scope  |     Hw-Address    |
[    9.624375] cloud-init[1081]: ci-info: +--------+------+-----------------------------+---------------+--------+-------------------+
[    9.625676] cloud-init[1081]: ci-info: | enp0s3 | True |          10.0.2.15          | 255.255.255.0 | global | 02:ed:98:3c:8e:82 |
[    9.626784] cloud-init[1081]: ci-info: | enp0s3 | True |  fe80::ed:98ff:fe3c:8e82/64 |       .       |  link  | 02:ed:98:3c:8e:82 |
[    9.628961] cloud-init[1081]: ci-info: | enp0s8 | True |        192.168.33.10        | 255.255.255.0 | global | 08:00:27:d6:cf:73 |
[    9.632754] cloud-init[1081]: ci-info: | enp0s8 | True | fe80::a00:27ff:fed6:cf73/64 |       .       |  link  | 08:00:27:d6:cf:73 |
[    9.640909] cloud-init[1081]: ci-info: |   lo   | True |          127.0.0.1          |   255.0.0.0   |  host  |         .         |
[    9.642493] cloud-init[1081]: ci-info: |   lo   | True |           ::1/128           |       .       |  host  |         .         |
[    9.647382] cloud-init[1081]: ci-info: +--------+------+-----------------------------+---------------+--------+-------------------+
[    9.648721] cloud-init[1081]: ci-info: ++++++++++++++++++++++++++++Route IPv4 info++++++++++++++++++++++++++++
[    9.657036] cloud-init[1081]: ci-info: +-------+--------------+----------+---------------+-----------+-------+
[    9.664551] cloud-init[1081]: ci-info: | Route | Destination  | Gateway  |    Genmask    | Interface | Flags |
[    9.672366] cloud-init[1081]: ci-info: +-------+--------------+----------+---------------+-----------+-------+
[    9.681496] cloud-init[1081]: ci-info: |   0   |   0.0.0.0    | 10.0.2.2 |    0.0.0.0    |   enp0s3  |   UG  |
[[0;32m  OK  [0m] Started Initial cloud-init job (metadata service crawler).
[[    9.681744] [0;32m  OK  [0mcloud-init] [1081]: Reached target Network is Online.ci-info: |   1   |   10.0.2.0   | 0.0.0.0  | 255.255.255.0 |   enp0s3  |   U   |

[    9.684855] cloud-init[1081]: ci-info: |   2   | 192.168.33.0 | 0.0.0.0  | 255.255.255.0 |   enp0s8  |   U   |
[    9.687002] cloud-init[1081]: ci-info: +-------+--------------+----------+---------------+-----------+-------+
[    9.688963] cloud-init[1081]: ci-info: +++++++++++++++++++Route IPv6 info+++++++++++++++++++
[    9.690494] cloud-init[1081]: ci-info: +-------+-------------+---------+-----------+-------+
[    9.692010] cloud-init[1081]: ci-info: | Route | Destination | Gateway | Interface | Flags |
[    9.693577] cloud-init[1081]: ci-info: +-------+-------------+---------+-----------+-------+
[    9.695419] cloud-init[1081]: ci-info: |   0   |  fe80::/64  |    ::   |   enp0s8  |   U   |
[    9.696933] cloud-init[1081]: ci-info: |   1   |  fe80::/64  |    ::   |   enp0s3  |   U   |
[    9.698434] cloud-init[1081]: ci-info: |   4   |   ff00::/8  |    ::   |   enp0s8  |   U   |
[    9.699702] cloud-init[1081]: ci-info: |   5   |   ff00::/8  |    ::   |   enp0s3  |   U   |
[    9.701621] cloud-init[1081]: ci-info: +-------+-------------+---------+-----------+-------+
         Starting iSCSI initiator daemon (iscsid)...
[[0;32m  OK  [0m] Reached target System Initialization.
[[0;32m  OK  [0m] Started Daily apt download activities.
[[0;32m  OK  [0m] Started Message of the Day.
[[0;32m  OK  [0m] Started Daily Cleanup of Temporary Directories.
         Starting Socket activation for snappy daemon.
[[0;32m  OK  [0m] Started Daily apt upgrade and clean activities.
[[0;32m  OK  [0m] Reached target Timers.
[[0;32m  OK  [0m] Listening on UUID daemon activation socket.
[[0;32m  OK  [0m] Listening on D-Bus System Message Bus Socket.
[[0;32m  OK  [0m] Started ACPI Events Check.
[[0;32m  OK  [0m] Reached target Paths.
         Starting LXD - unix socket.
[[0;32m  OK  [0m] Listening on ACPID Listen Socket.
[[0;32m  OK  [0m] Reached target Cloud-config availability.
[[0;32m  OK  [0m] Listening on Socket activation for snappy daemon.
[[0;32m  OK  [0m] Listening on LXD - unix socket.
[[0;32m  OK  [0m] Started iSCSI initiator daemon (iscsid).
         Starting Login to default iSCSI targets...
[[0;32m  OK  [0m] Reached target Sockets.
[[0;32m  OK  [0m] Reached target Basic System.
         Starting LXD - container startup/shutdown...
         Starting LSB: Record successful boot for GRUB...
         Starting Accounts Service...
[[0;32m  OK  [0m] Started ACPI event daemon.
         Starting Login Service...
         Starting The PHP 7.0 FastCGI Process Manager...
[[0;32m  OK  [0m] Started FUSE filesystem for LXC.
[[0;32m  OK  [0m] Started D-Bus System Message Bus.
[[0;32m  OK  [0m] Started Deferred execution scheduler.
         Starting Daily apt upgrade and clean activities...
         Starting Virtualbox guest utils...
         Starting /etc/rc.local Compatibility...
         Starting Snap Daemon...
[[0;32m  OK  [0m] Started Regular background program processing daemon.
         Starting Message of the Day...
         Starting System Logging Service...
         Starting OpenBSD Secure Shell server...
         Starting LSB: MD monitoring daemon...
[[0;32m  OK  [0m] Started /etc/rc.local Compatibility.
[[0;32m  OK  [0m] Started Message of the Day.
[[0;32m  OK  [0m] Started System Logging Service.
[[0;32m  OK  [0m] Started Login Service.
[[0;32m  OK  [0m] Started Unattended Upgrades Shutdown.
         Starting Authenticate and Authorize Users to Run Privileged Tasks...
[[0;32m  OK  [0m] Started LSB: Record successful boot for GRUB.
[[0;32m  OK  [0m] Started Login to default iSCSI targets.
[[0;32m  OK  [0m] Reached target Remote File Systems (Pre).
         Mounting /vagrant...
         Mounting /var/www/html...
[[0;32m  OK  [0m] Started LXD - container startup/shutdown.
[[0;32m  OK  [0m] Started LSB: MD monitoring daemon.
[[0;1;31mFAILED[0m] Failed to mount /vagrant.
See 'systemctl status vagrant.mount' for details.
[[0;1;33mDEPEND[0m] Dependency failed for Remote File Systems.
[[0;1;31mFAILED[0m] Failed to mount /var/www/html.
See 'systemctl status var-www-html.mount' for details.
[[0;32m  OK  [0m] Started Authenticate and Authorize Users to Run Privileged Tasks.
[[0;32m  OK  [0m] Started Accounts Service.
         Starting Permit User Sessions...
         Starting LSB: Apache2 web server...
         Starting LSB: Set the CPU Frequency Scaling governor to "ondemand"...
         Starting LSB: daemon to balance interrupts for SMP systems...
         Starting LSB: automatic crash report generation...
[[0;32m  OK  [0m] Started OpenBSD Secure Shell server.
[[0;32m  OK  [0m] Started Permit User Sessions.
         Starting Terminate Plymouth Boot Screen...
         Starting Hold until boot process finishes up...
[[0;32m  OK  [0m] Started Hold until boot process finishes up.
[[0;32m  OK  [0m] Started Serial Getty on ttyS0.
         Starting Set console scheme...
[[0;32m  OK  [0m] Started Getty on tty1.
[[0;32m  OK  [0m] Reached target Login Prompts.
[[0;32m  OK  [0m] Started LSB: Set the CPU Frequency Scaling governor to "ondemand".
[[0;32m  OK  [0m] Started Terminate Plymouth Boot Screen.
[[0;32m  OK  [0m] Started Set console scheme.
[[0;32m  OK  [0m] Started LSB: daemon to balance interrupts for SMP systems.
[[0;32m  OK  [0m] Started Virtualbox guest utils.
[[0;32m  OK  [0m] Started LSB: automatic crash report generation.
[[0;32m  OK  [0m] Started The PHP 7.0 FastCGI Process Manager.
[[0;32m  OK  [0m] Started Snap Daemon.
         Starting Wait until snapd is fully seeded...
[[0;32m  OK  [0m] Started Wait until snapd is fully seeded.
         Starting Apply the settings specified in cloud-config...
[[0;32m  OK  [0m] Started LSB: Apache2 web server.
[[0;32m  OK  [0m] Reached target Multi-User System.
[[0;32m  OK  [0m] Reached target Graphical Interface.
         Starting Update UTMP about System Runlevel Changes...
[[0;32m  OK  [0m] Started Update UTMP about System Runlevel Changes.
[[0;32m  OK  [0m] Created slice User Slice of vagrant.
         Starting User Manager for UID 1000...
[[0;32m  OK  [0m] Started Session 1 of user vagrant.
[[0;32m  OK  [0m] Started User Manager for UID 1000.
[   12.548796] cloud-init[1407]: Cloud-init v. 21.1-19-gbad84ad4-0ubuntu1~16.04.2 running 'modules:config' at Thu, 17 Jun 2021 07:12:16 +0000. Up 12.17 seconds.
[[0;32m  OK  [0m] Started Apply the settings specified in cloud-config.
         Starting Execute cloud user/final scripts...
[   13.758225] cloud-init[1524]: Cloud-init v. 21.1-19-gbad84ad4-0ubuntu1~16.04.2 running 'modules:final' at Thu, 17 Jun 2021 07:12:17 +0000. Up 13.51 seconds.
[   13.764373] cloud-init[1524]: Cloud-init v. 21.1-19-gbad84ad4-0ubuntu1~16.04.2 finished at Thu, 17 Jun 2021 07:12:18 +0000. Datasource DataSourceNoCloud [seed=/dev/sdb][dsmode=net].  Up 13.75 seconds
[[0;32m  OK  [0m] Started Execute cloud user/final scripts.
[[0;32m  OK  [0m] Reached target Cloud-init target.

Ubuntu 16.04.7 LTS ubuntu-xenial ttyS0

ubuntu-xenial login: 